Archive member included to satisfy reference by file (symbol)

/home/bionia/SJSU-Dev/tools/gcc-arm-none-eabi-6-2017-q2-update/bin/../lib/gcc/arm-none-eabi/6.3.1/../../../../arm-none-eabi/lib/thumb/v7-m/libstdc++_nano.a(class_type_info.o)
                              build/obj//home/bionia/SJSU-Dev/firmware/lib/L2_Drivers/base/char_dev.o (vtable for __cxxabiv1::__class_type_info)
/home/bionia/SJSU-Dev/tools/gcc-arm-none-eabi-6-2017-q2-update/bin/../lib/gcc/arm-none-eabi/6.3.1/../../../../arm-none-eabi/lib/thumb/v7-m/libstdc++_nano.a(si_class_type_info.o)
                              build/obj//home/bionia/SJSU-Dev/firmware/lib/L2_Drivers/base/uart_dev.o (vtable for __cxxabiv1::__si_class_type_info)
/home/bionia/SJSU-Dev/tools/gcc-arm-none-eabi-6-2017-q2-update/bin/../lib/gcc/arm-none-eabi/6.3.1/../../../../arm-none-eabi/lib/thumb/v7-m/libstdc++_nano.a(del_ops.o)
                              build/obj//home/bionia/SJSU-Dev/firmware/lib/L2_Drivers/base/char_dev.o (operator delete(void*, unsigned int))
/home/bionia/SJSU-Dev/tools/gcc-arm-none-eabi-6-2017-q2-update/bin/../lib/gcc/arm-none-eabi/6.3.1/../../../../arm-none-eabi/lib/thumb/v7-m/libstdc++_nano.a(guard.o)
                              build/obj//home/bionia/SJSU-Dev/firmware/lib/L5_HighLevel/source/cmd_handlers/handlers.o (__cxa_guard_acquire)
/home/bionia/SJSU-Dev/tools/gcc-arm-none-eabi-6-2017-q2-update/bin/../lib/gcc/arm-none-eabi/6.3.1/../../../../arm-none-eabi/lib/thumb/v7-m/libstdc++_nano.a(pure.o)
                              build/obj//home/bionia/SJSU-Dev/firmware/lib/L2_Drivers/base/char_dev.o (__cxa_pure_virtual)
/home/bionia/SJSU-Dev/tools/gcc-arm-none-eabi-6-2017-q2-update/bin/../lib/gcc/arm-none-eabi/6.3.1/../../../../arm-none-eabi/lib/thumb/v7-m/libstdc++_nano.a(vmi_class_type_info.o)
                              build/obj//home/bionia/SJSU-Dev/firmware/lib/L2_Drivers/src/nrf_stream.o (vtable for __cxxabiv1::__vmi_class_type_info)
/home/bionia/SJSU-Dev/tools/gcc-arm-none-eabi-6-2017-q2-update/bin/../lib/gcc/arm-none-eabi/6.3.1/../../../../arm-none-eabi/lib/thumb/v7-m/libstdc++_nano.a(tinfo.o)
                              /home/bionia/SJSU-Dev/tools/gcc-arm-none-eabi-6-2017-q2-update/bin/../lib/gcc/arm-none-eabi/6.3.1/../../../../arm-none-eabi/lib/thumb/v7-m/libstdc++_nano.a(class_type_info.o) (std::type_info::~type_info())
/home/bionia/SJSU-Dev/tools/gcc-arm-none-eabi-6-2017-q2-update/bin/../lib/gcc/arm-none-eabi/6.3.1/../../../../arm-none-eabi/lib/thumb/v7-m/libstdc++_nano.a(eh_terminate.o)
                              /home/bionia/SJSU-Dev/tools/gcc-arm-none-eabi-6-2017-q2-update/bin/../lib/gcc/arm-none-eabi/6.3.1/../../../../arm-none-eabi/lib/thumb/v7-m/libstdc++_nano.a(pure.o) (std::terminate())
/home/bionia/SJSU-Dev/tools/gcc-arm-none-eabi-6-2017-q2-update/bin/../lib/gcc/arm-none-eabi/6.3.1/../../../../arm-none-eabi/lib/thumb/v7-m/libstdc++_nano.a(eh_term_handler.o)
                              /home/bionia/SJSU-Dev/tools/gcc-arm-none-eabi-6-2017-q2-update/bin/../lib/gcc/arm-none-eabi/6.3.1/../../../../arm-none-eabi/lib/thumb/v7-m/libstdc++_nano.a(eh_terminate.o) (__cxxabiv1::__terminate_handler)
/home/bionia/SJSU-Dev/tools/gcc-arm-none-eabi-6-2017-q2-update/bin/../lib/gcc/arm-none-eabi/6.3.1/../../../../arm-none-eabi/lib/thumb/v7-m/libstdc++_nano.a(eh_unex_handler.o)
                              /home/bionia/SJSU-Dev/tools/gcc-arm-none-eabi-6-2017-q2-update/bin/../lib/gcc/arm-none-eabi/6.3.1/../../../../arm-none-eabi/lib/thumb/v7-m/libstdc++_nano.a(eh_terminate.o) (__cxxabiv1::__unexpected_handler)
/home/bionia/SJSU-Dev/tools/gcc-arm-none-eabi-6-2017-q2-update/bin/../lib/gcc/arm-none-eabi/6.3.1/thumb/v7-m/libgcc.a(_ashldi3.o)
                              build/obj//home/bionia/SJSU-Dev/firmware/lib/L0_LowLevel/source/lpc_peripherals.o (__aeabi_llsl)
/home/bionia/SJSU-Dev/tools/gcc-arm-none-eabi-6-2017-q2-update/bin/../lib/gcc/arm-none-eabi/6.3.1/thumb/v7-m/libgcc.a(_arm_addsubdf3.o)
                              build/obj//home/bionia/SJSU-Dev/firmware/lib/L0_LowLevel/source/uart0_min.o (__aeabi_dadd)
/home/bionia/SJSU-Dev/tools/gcc-arm-none-eabi-6-2017-q2-update/bin/../lib/gcc/arm-none-eabi/6.3.1/thumb/v7-m/libgcc.a(_arm_fixunsdfsi.o)
                              build/obj//home/bionia/SJSU-Dev/firmware/lib/L0_LowLevel/source/uart0_min.o (__aeabi_d2uiz)
/home/bionia/SJSU-Dev/tools/gcc-arm-none-eabi-6-2017-q2-update/bin/../lib/gcc/arm-none-eabi/6.3.1/thumb/v7-m/libgcc.a(_arm_truncdfsf2.o)
                              build/obj//home/bionia/SJSU-Dev/firmware/lib/L3_Utils/src/str.o (__aeabi_d2f)
/home/bionia/SJSU-Dev/tools/gcc-arm-none-eabi-6-2017-q2-update/bin/../lib/gcc/arm-none-eabi/6.3.1/thumb/v7-m/libgcc.a(_arm_addsubsf3.o)
                              build/obj//home/bionia/SJSU-Dev/firmware/lib/L3_Utils/src/str.o (__aeabi_fsub)
/home/bionia/SJSU-Dev/tools/gcc-arm-none-eabi-6-2017-q2-update/bin/../lib/gcc/arm-none-eabi/6.3.1/thumb/v7-m/libgcc.a(_arm_muldivsf3.o)
[...]
Memory Configuration

Name             Origin             Length             Attributes
FLASH            0x0000000000010000 0x0000000000070000 xr
SRAM             0x0000000010000000 0x0000000000008000 xrw
SRAM_AHB         0x000000002007c000 0x0000000000008000 xrw
*default*        0x0000000000000000 0xffffffffffffffff

Linker script and memory map

LOAD build/obj//home/bionia/SJSU-Dev/firmware/lib/L0_LowLevel/source/core_cm3.o
LOAD build/obj//home/bionia/SJSU-Dev/firmware/lib/L0_LowLevel/source/low_level_init.o
LOAD build/obj//home/bionia/SJSU-Dev/firmware/lib/L0_LowLevel/source/lpc_peripherals.o
LOAD build/obj//home/bionia/SJSU-Dev/firmware/lib/L0_LowLevel/source/lpc_sys.o
LOAD build/obj//home/bionia/SJSU-Dev/firmware/lib/L0_LowLevel/source/startup.o
LOAD build/obj//home/bionia/SJSU-Dev/firmware/lib/L0_LowLevel/source/sys_clock.o
LOAD build/obj//home/bionia/SJSU-Dev/firmware/lib/L0_LowLevel/source/uart0_min.o
LOAD build/obj//home/bionia/SJSU-Dev/firmware/lib/L1_FreeRTOS/MemMang/freertos_mem_man.o
LOAD build/obj//home/bionia/SJSU-Dev/firmware/lib/L1_FreeRTOS/hooks/hooks.o
LOAD build/obj//home/bionia/SJSU-Dev/firmware/lib/L1_FreeRTOS/portable/no_mpu/port.o
LOAD build/obj//home/bionia/SJSU-Dev/firmware/lib/L1_FreeRTOS/portable/run_time_stats.o
LOAD build/obj//home/bionia/SJSU-Dev/firmware/lib/L1_FreeRTOS/src/croutine.o
LOAD build/obj//home/bionia/SJSU-Dev/firmware/lib/L1_FreeRTOS/src/event_groups.o
LOAD build/obj//home/bionia/SJSU-Dev/firmware/lib/L1_FreeRTOS/src/list.o
LOAD build/obj//home/bionia/SJSU-Dev/firmware/lib/L1_FreeRTOS/src/queue.o
LOAD build/obj//home/bionia/SJSU-Dev/firmware/lib/L1_FreeRTOS/src/tasks.o
LOAD build/obj//home/bionia/SJSU-Dev/firmware/lib/L1_FreeRTOS/src/timers.o
LOAD build/obj//home/bionia/SJSU-Dev/firmware/lib/L1_FreeRTOS/trace/run_time_counter.o
LOAD build/obj//home/bionia/SJSU-Dev/firmware/lib/L1_FreeRTOS/trace/trcBase.o
LOAD build/obj//home/bionia/SJSU-Dev/firmware/lib/L1_FreeRTOS/trace/trcHardwarePort.o
LOAD build/obj//home/bionia/SJSU-Dev/firmware/lib/L1_FreeRTOS/trace/trcKernel.o
LOAD build/obj//home/bionia/SJSU-Dev/firmware/lib/L1_FreeRTOS/trace/trcKernelPort.o
LOAD build/obj//home/bionia/SJSU-Dev/firmware/lib/L1_FreeRTOS/trace/trcUser.o
LOAD build/obj//home/bionia/SJSU-Dev/firmware/lib/L2_Drivers/base/char_dev.o
LOAD build/obj//home/bionia/SJSU-Dev/firmware/lib/L2_Drivers/base/i2c_base.o
LOAD build/obj//home/bionia/SJSU-Dev/firmware/lib/L2_Drivers/base/uart_dev.o
LOAD build/obj//home/bionia/SJSU-Dev/firmware/lib/L2_Drivers/src/adc.o
LOAD build/obj//home/bionia/SJSU-Dev/firmware/lib/L2_Drivers/src/can.o
LOAD build/obj//home/bionia/SJSU-Dev/firmware/lib/L2_Drivers/src/eint.o
LOAD build/obj//home/bionia/SJSU-Dev/firmware/lib/L2_Drivers/src/i2c2.o
LOAD build/obj//home/bionia/SJSU-Dev/firmware/lib/L2_Drivers/src/lpc_pwm.o
LOAD build/obj//home/bionia/SJSU-Dev/firmware/lib/L2_Drivers/src/lpc_rit.o
LOAD build/obj//home/bionia/SJSU-Dev/firmware/lib/L2_Drivers/src/lpc_timers.o
LOAD build/obj//home/bionia/SJSU-Dev/firmware/lib/L2_Drivers/src/nrf_stream.o
LOAD build/obj//home/bionia/SJSU-Dev/firmware/lib/L2_Drivers/src/rtc.o
LOAD build/obj//home/bionia/SJSU-Dev/firmware/lib/L2_Drivers/src/spi_dma.o
LOAD build/obj//home/bionia/SJSU-Dev/firmware/lib/L2_Drivers/src/spi_sem.o
LOAD build/obj//home/bionia/SJSU-Dev/firmware/lib/L2_Drivers/src/uart0.o
LOAD build/obj//home/bionia/SJSU-Dev/firmware/lib/L2_Drivers/src/uart2.o
LOAD build/obj//home/bionia/SJSU-Dev/firmware/lib/L2_Drivers/src/uart3.o
LOAD build/obj//home/bionia/SJSU-Dev/firmware/lib/L3_Utils/src/c_list.o
LOAD build/obj//home/bionia/SJSU-Dev/firmware/lib/L3_Utils/src/command_handler.o
LOAD build/obj//home/bionia/SJSU-Dev/firmware/lib/L3_Utils/src/file_logger.o
LOAD build/obj//home/bionia/SJSU-Dev/firmware/lib/L3_Utils/src/freertos_timer.o
LOAD build/obj//home/bionia/SJSU-Dev/firmware/lib/L3_Utils/src/printf_lib.o
LOAD build/obj//home/bionia/SJSU-Dev/firmware/lib/L3_Utils/src/rtc_alarm.o
LOAD build/obj//home/bionia/SJSU-Dev/firmware/lib/L3_Utils/src/scheduler_task.o
LOAD build/obj//home/bionia/SJSU-Dev/firmware/lib/L3_Utils/src/str.o
LOAD build/obj//home/bionia/SJSU-Dev/firmware/lib/L3_Utils/src/utilities.o
LOAD build/obj//home/bionia/SJSU-Dev/firmware/lib/L3_Utils/tlm/src/c_tlm_binary.o
LOAD build/obj//home/bionia/SJSU-Dev/firmware/lib/L3_Utils/tlm/src/c_tlm_comp.o
LOAD build/obj//home/bionia/SJSU-Dev/firmware/lib/L3_Utils/tlm/src/c_tlm_stream.o
LOAD build/obj//home/bionia/SJSU-Dev/firmware/lib/L3_Utils/tlm/src/c_tlm_var.o
LOAD build/obj//home/bionia/SJSU-Dev/firmware/lib/L4_IO/fat/disk/diskio.o
LOAD build/obj//home/bionia/SJSU-Dev/firmware/lib/L4_IO/fat/disk/sd.o
LOAD build/obj//home/bionia/SJSU-Dev/firmware/lib/L4_IO/fat/disk/spi_flash.o
LOAD build/obj//home/bionia/SJSU-Dev/firmware/lib/L4_IO/fat/fatfs_time.o
LOAD build/obj//home/bionia/SJSU-Dev/firmware/lib/L4_IO/fat/ff.o
LOAD build/obj//home/bionia/SJSU-Dev/firmware/lib/L4_IO/fat/option/ccsbcs.o
LOAD build/obj//home/bionia/SJSU-Dev/firmware/lib/L4_IO/fat/option/reentrant.o
LOAD build/obj//home/bionia/SJSU-Dev/firmware/lib/L4_IO/src/gpio.o
LOAD build/obj//home/bionia/SJSU-Dev/firmware/lib/L4_IO/src/io_source.o
LOAD build/obj//home/bionia/SJSU-Dev/firmware/lib/L4_IO/src/storage.o
LOAD build/obj//home/bionia/SJSU-Dev/firmware/lib/L4_IO/wireless/src/mesh.o
LOAD build/obj//home/bionia/SJSU-Dev/firmware/lib/L4_IO/wireless/src/nrf24L01Plus.o
LOAD build/obj//home/bionia/SJSU-Dev/firmware/lib/L4_IO/wireless/src/wireless.o
LOAD build/obj//home/bionia/SJSU-Dev/firmware/lib/L5_HighLevel/examples/examples.o
LOAD build/obj//home/bionia/SJSU-Dev/firmware/lib/L5_HighLevel/examples/rn_xv_task.o
LOAD build/obj//home/bionia/SJSU-Dev/firmware/lib/L5_HighLevel/periodic_scheduler/prd_dispatcher.o
LOAD build/obj//home/bionia/SJSU-Dev/firmware/lib/L5_HighLevel/source/cmd_handlers/handlers.o
LOAD build/obj//home/bionia/SJSU-Dev/firmware/lib/L5_HighLevel/source/cmd_handlers/prog_handlers.o
LOAD build/obj//home/bionia/SJSU-Dev/firmware/lib/L5_HighLevel/source/cmd_handlers/wireless_handlers.o
LOAD build/obj//home/bionia/SJSU-Dev/firmware/lib/L5_HighLevel/source/high_level_init.o
LOAD build/obj//home/bionia/SJSU-Dev/firmware/lib/L5_HighLevel/source/remote.o
LOAD build/obj//home/bionia/SJSU-Dev/firmware/lib/L5_HighLevel/source/terminal.o
LOAD build/obj//home/bionia/SJSU-Dev/firmware/lib/newlib/malloc_lock.o
LOAD build/obj//home/bionia/SJSU-Dev/firmware/lib/newlib/memory.o
LOAD build/obj//home/bionia/SJSU-Dev/firmware/lib/newlib/newlib_syscalls.o
LOAD build/obj//home/bionia/SJSU-Dev/firmware/lib/newlib/newlib_time.o
LOAD build/obj/L5_Application/Flash.o
LOAD build/obj/L5_Application/Interrupt.o
LOAD build/obj/L5_Application/main.o
LOAD /home/bionia/SJSU-Dev/tools/gcc-arm-none-eabi-6-2017-q2-update/bin/../lib/gcc/arm-none-eabi/6.3.1/../../../../arm-none-eabi/lib/thumb/v7-m/libstdc++_nano.a
LOAD /home/bionia/SJSU-Dev/tools/gcc-arm-none-eabi-6-2017-q2-update/bin/../lib/gcc/arm-none-eabi/6.3.1/../../../../arm-none-eabi/lib/thumb/v7-m/libm.a
START GROUP
LOAD /home/bionia/SJSU-Dev/tools/gcc-arm-none-eabi-6-2017-q2-update/bin/../lib/gcc/arm-none-eabi/6.3.1/thumb/v7-m/libgcc.a
LOAD /home/bionia/SJSU-Dev/tools/gcc-arm-none-eabi-6-2017-q2-update/bin/../lib/gcc/arm-none-eabi/6.3.1/../../../../arm-none-eabi/lib/thumb/v7-m/libc_nano.a
END GROUP
START GROUP
LOAD /home/bionia/SJSU-Dev/tools/gcc-arm-none-eabi-6-2017-q2-update/bin/../lib/gcc/arm-none-eabi/6.3.1/thumb/v7-m/libgcc.a
LOAD /home/bionia/SJSU-Dev/tools/gcc-arm-none-eabi-6-2017-q2-update/bin/../lib/gcc/arm-none-eabi/6.3.1/../../../../arm-none-eabi/lib/thumb/v7-m/libc_nano.a
END GROUP

.text           0x0000000000010000    0x108b4
 FILL mask 0xff
 *(.isr_vector)
 .isr_vector    0x0000000000010000       0xcc build/obj//home/bionia/SJSU-Dev/firmware/lib/L0_LowLevel/source/startup.o
                0x0000000000010000                g_pfnVectors
                0x00000000000100cc                . = ALIGN (0x4)
                0x00000000000100cc                __section_table_start = .
                0x00000000000100cc                __data_section_table = .
                0x00000000000100cc        0x4 LONG 0x208bc LOADADDR (.data)
                0x00000000000100d0        0x4 LONG 0x2007c000 ADDR (.data)
                0x00000000000100d4        0x4 LONG 0x2fc SIZEOF (.data)
                0x00000000000100d8                __data_section_table_end = .
                0x00000000000100d8                __bss_section_table = .
                0x00000000000100d8        0x4 LONG 0x2007c300 ADDR (.bss)
                0x00000000000100dc        0x4 LONG 0x5d4 SIZEOF (.bss)
                0x00000000000100e0                __bss_section_table_end = .
                0x00000000000100e0                __section_table_end = .
 *(.after_vectors*)
 .after_vectors
                0x00000000000100e0      0x120 build/obj//home/bionia/SJSU-Dev/firmware/lib/L0_LowLevel/source/startup.o
                0x00000000000100e0                isr_hard_fault
                0x00000000000100fa                isr_nmi
                0x0000000000010108                isr_mem_fault
                0x0000000000010118                isr_bus_fault
                0x0000000000010128                isr_usage_fault
                0x0000000000010138                isr_debug_mon
                0x0000000000010148                TIMER2_IRQHandler
                0x0000000000010148                I2C0_IRQHandler
                0x0000000000010148                PWM1_IRQHandler
                0x0000000000010148                I2C1_IRQHandler
                0x0000000000010148                EINT2_IRQHandler
                0x0000000000010148                UART1_IRQHandler
                0x0000000000010148                TIMER3_IRQHandler
                0x0000000000010148                PLL0_IRQHandler
                0x0000000000010148                PLL1_IRQHandler
                0x0000000000010148                SSP0_IRQHandler
                0x0000000000010148                CANAct_IRQHandler
                0x0000000000010148                I2S_IRQHandler
                0x0000000000010148                TIMER0_IRQHandler
                0x0000000000010148                SPI_IRQHandler
                0x0000000000010148                EINT1_IRQHandler
                0x0000000000010148                isr_default_handler
                0x0000000000010148                SSP1_IRQHandler
                0x0000000000010148                USB_IRQHandler
                0x0000000000010148                BOD_IRQHandler
                0x0000000000010148                WDT_IRQHandler
                0x0000000000010148                QEI_IRQHandler
                0x0000000000010148                EINT0_IRQHandler
                0x0000000000010148                DMA_IRQHandler
                0x0000000000010148                MCPWM_IRQHandler
                0x0000000000010148                ENET_IRQHandler
                0x0000000000010148                USBAct_IRQHandler
                0x0000000000010158                isr_sys_tick
                0x000000000001016a                data_init(unsigned int, unsigned int, unsigned int)
                0x0000000000010180                bss_init(unsigned int, unsigned int)
                0x0000000000010194                isr_reset
 *(.text*)
 .text.__set_PSP
                0x0000000000010200        0x6 build/obj//home/bionia/SJSU-Dev/firmware/lib/L0_LowLevel/source/core_cm3.o
                0x0000000000010200                __set_PSP
 .text.__set_MSP
                0x0000000000010206        0x6 build/obj//home/bionia/SJSU-Dev/firmware/lib/L0_LowLevel/source/core_cm3.o
                0x0000000000010206                __set_MSP
 .text.__set_BASEPRI
                0x000000000001020c        0x6 build/obj//home/bionia/SJSU-Dev/firmware/lib/L0_LowLevel/source/core_cm3.o
                0x000000000001020c                __set_BASEPRI
 *fill*         0x0000000000010212        0x2 ff
 .text.sys_get_boot_type
                0x0000000000010214        0xc build/obj//home/bionia/SJSU-Dev/firmware/lib/L0_LowLevel/source/low_level_init.o
                0x0000000000010214                sys_get_boot_type
 .text._Z14low_level_initv
                0x0000000000010220      0x228 build/obj//home/bionia/SJSU-Dev/firmware/lib/L0_LowLevel/source/low_level_init.o
                0x0000000000010220                low_level_init()
 .text.lpc_pconp
                0x0000000000010448       0x34 build/obj//home/bionia/SJSU-Dev/firmware/lib/L0_LowLevel/source/lpc_peripherals.o
                0x0000000000010448                lpc_pconp
 .text.lpc_pclk
                0x000000000001047c       0x48 build/obj//home/bionia/SJSU-Dev/firmware/lib/L0_LowLevel/source/lpc_peripherals.o
                0x000000000001047c                lpc_pclk
 .text.lpc_sys_setup_system_timer
                0x00000000000104c4       0x54 build/obj//home/bionia/SJSU-Dev/firmware/lib/L0_LowLevel/source/lpc_sys.o
                0x00000000000104c4                lpc_sys_setup_system_timer
 .text.sys_get_uptime_us
                0x0000000000010518       0x2c build/obj//home/bionia/SJSU-Dev/firmware/lib/L0_LowLevel/source/lpc_sys.o
                0x0000000000010518                sys_get_uptime_us
 .text.sys_get_mem_info_str
                0x0000000000010544       0x38 build/obj//home/bionia/SJSU-Dev/firmware/lib/L0_LowLevel/source/lpc_sys.o
                0x0000000000010544                sys_get_mem_info_str
 .text._ZN17SingletonTemplateI9IR_SensorE11getInstanceEv
                0x000000000001057c       0x18 build/obj//home/bionia/SJSU-Dev/firmware/lib/L0_LowLevel/source/lpc_sys.o
                0x000000000001057c                SingletonTemplate<IR_Sensor>::getInstance()
 .text.TIMER1_IRQHandler
                0x0000000000010594       0xbc build/obj//home/bionia/SJSU-Dev/firmware/lib/L0_LowLevel/source/lpc_sys.o
                0x0000000000010594                TIMER1_IRQHandler
 .text.isr_forwarder_routine
                0x0000000000010650       0x3c build/obj//home/bionia/SJSU-Dev/firmware/lib/L0_LowLevel/source/startup.o
 .text.isr_register
                0x000000000001068c       0x10 build/obj//home/bionia/SJSU-Dev/firmware/lib/L0_LowLevel/source/startup.o
                0x000000000001068c                isr_register
 .text.isr_hard_fault_handler
                0x000000000001069c       0x58 build/obj//home/bionia/SJSU-Dev/firmware/lib/L0_LowLevel/source/startup.o
                0x000000000001069c                isr_hard_fault_handler
 .text._ZL19sys_clock_pll0_feedv
                0x00000000000106f4       0x14 build/obj//home/bionia/SJSU-Dev/firmware/lib/L0_LowLevel/source/sys_clock.o
 .text._ZL23sys_clock_configure_plljjPiS_S_.constprop.0
                0x0000000000010708       0x78 build/obj//home/bionia/SJSU-Dev/firmware/lib/L0_LowLevel/source/sys_clock.o
 .text._Z19sys_clock_configurev
                0x0000000000010780       0xb4 build/obj//home/bionia/SJSU-Dev/firmware/lib/L0_LowLevel/source/sys_clock.o
                0x0000000000010780                sys_clock_configure()
 .text.sys_get_cpu_clock
                0x0000000000010834       0xa8 build/obj//home/bionia/SJSU-Dev/firmware/lib/L0_LowLevel/source/sys_clock.o
                0x0000000000010834                sys_get_cpu_clock
 .text.uart0_init
                0x00000000000108dc       0x60 build/obj//home/bionia/SJSU-Dev/firmware/lib/L0_LowLevel/source/uart0_min.o
                0x00000000000108dc                uart0_init
 .text.uart0_getchar
                0x000000000001093c       0x18 build/obj//home/bionia/SJSU-Dev/firmware/lib/L0_LowLevel/source/uart0_min.o
                0x000000000001093c                uart0_getchar
 .text.uart0_putchar
                0x0000000000010954       0x18 build/obj//home/bionia/SJSU-Dev/firmware/lib/L0_LowLevel/source/uart0_min.o
                0x0000000000010954                uart0_putchar
 .text.uart0_puts
                0x000000000001096c       0x1a build/obj//home/bionia/SJSU-Dev/firmware/lib/L0_LowLevel/source/uart0_min.o
                0x000000000001096c                uart0_puts
 .text.pvPortMalloc
                0x0000000000010986       0x1e build/obj//home/bionia/SJSU-Dev/firmware/lib/L1_FreeRTOS/MemMang/freertos_mem_man.o
                0x0000000000010986                pvPortMalloc
 .text.vPortFree
                0x00000000000109a4       0x1a build/obj//home/bionia/SJSU-Dev/firmware/lib/L1_FreeRTOS/MemMang/freertos_mem_man.o
                0x00000000000109a4                vPortFree
 *fill*         0x00000000000109be        0x2 ff
 .text.vApplicationStackOverflowHook
                0x00000000000109c0       0x38 build/obj//home/bionia/SJSU-Dev/firmware/lib/L1_FreeRTOS/hooks/hooks.o
                0x00000000000109c0                vApplicationStackOverflowHook
 .text.vApplicationMallocFailedHook
                0x00000000000109f8       0x24 build/obj//home/bionia/SJSU-Dev/firmware/lib/L1_FreeRTOS/hooks/hooks.o
                0x00000000000109f8                vApplicationMallocFailedHook
 .text.prvTaskExitError
                0x0000000000010a1c       0x12 build/obj//home/bionia/SJSU-Dev/firmware/lib/L1_FreeRTOS/portable/no_mpu/port.o
 *fill*         0x0000000000010a2e        0x2 ff
 .text.pxPortInitialiseStack
                0x0000000000010a30       0x24 build/obj//home/bionia/SJSU-Dev/firmware/lib/L1_FreeRTOS/portable/no_mpu/port.o
                0x0000000000010a30                pxPortInitialiseStack
 *fill*         0x0000000000010a54        0xc ff
 .text.vPortSVCHandler
                0x0000000000010a60       0x24 build/obj//home/bionia/SJSU-Dev/firmware/lib/L1_FreeRTOS/portable/no_mpu/port.o
                0x0000000000010a60                vPortSVCHandler
 .text.vPortEnterCritical
                0x0000000000010a84       0x20 build/obj//home/bionia/SJSU-Dev/firmware/lib/L1_FreeRTOS/portable/no_mpu/port.o
                0x0000000000010a84                vPortEnterCritical
 .text.vPortExitCritical
                0x0000000000010aa4       0x14 build/obj//home/bionia/SJSU-Dev/firmware/lib/L1_FreeRTOS/portable/no_mpu/port.o
                0x0000000000010aa4                vPortExitCritical
 *fill*         0x0000000000010ab8        0x8 ff
 .text.xPortPendSVHandler
                0x0000000000010ac0       0x44 build/obj//home/bionia/SJSU-Dev/firmware/lib/L1_FreeRTOS/portable/no_mpu/port.o
                0x0000000000010ac0                xPortPendSVHandler
 .text.xPortSysTickHandler
                0x0000000000010b04       0x2c build/obj//home/bionia/SJSU-Dev/firmware/lib/L1_FreeRTOS/portable/no_mpu/port.o
                0x0000000000010b04                xPortSysTickHandler
 .text.rts_not_full_trace_get
                0x0000000000010b30       0x14 build/obj//home/bionia/SJSU-Dev/firmware/lib/L1_FreeRTOS/portable/run_time_stats.o
                0x0000000000010b30                rts_not_full_trace_get
 .text.vListInitialise
                0x0000000000010b44       0x16 build/obj//home/bionia/SJSU-Dev/firmware/lib/L1_FreeRTOS/src/list.o
                0x0000000000010b44                vListInitialise
 .text.vListInitialiseItem
                0x0000000000010b5a        0x6 build/obj//home/bionia/SJSU-Dev/firmware/lib/L1_FreeRTOS/src/list.o
                0x0000000000010b5a                vListInitialiseItem
 .text.vListInsertEnd
                0x0000000000010b60       0x18 build/obj//home/bionia/SJSU-Dev/firmware/lib/L1_FreeRTOS/src/list.o
                0x0000000000010b60                vListInsertEnd
 .text.vListInsert
                0x0000000000010b78       0x2e build/obj//home/bionia/SJSU-Dev/firmware/lib/L1_FreeRTOS/src/list.o
                0x0000000000010b78                vListInsert
 .text.uxListRemove
                0x0000000000010ba6       0x20 build/obj//home/bionia/SJSU-Dev/firmware/lib/L1_FreeRTOS/src/list.o
                0x0000000000010ba6                uxListRemove
 .text.prvCopyDataToQueue
                0x0000000000010bc6       0x66 build/obj//home/bionia/SJSU-Dev/firmware/lib/L1_FreeRTOS/src/queue.o
 .text.prvNotifyQueueSetContainer
                0x0000000000010c2c       0x4a build/obj//home/bionia/SJSU-Dev/firmware/lib/L1_FreeRTOS/src/queue.o
 .text.prvCopyDataFromQueue
                0x0000000000010c76       0x28 build/obj//home/bionia/SJSU-Dev/firmware/lib/L1_FreeRTOS/src/queue.o
 .text.prvUnlockQueue
                0x0000000000010c9e       0x7e build/obj//home/bionia/SJSU-Dev/firmware/lib/L1_FreeRTOS/src/queue.o
 .text.xQueueGenericReset
                0x0000000000010d1c       0x6c build/obj//home/bionia/SJSU-Dev/firmware/lib/L1_FreeRTOS/src/queue.o
                0x0000000000010d1c                xQueueGenericReset
 .text.xQueueGenericCreate
                0x0000000000010d88       0x32 build/obj//home/bionia/SJSU-Dev/firmware/lib/L1_FreeRTOS/src/queue.o
                0x0000000000010d88                xQueueGenericCreate
 *fill*         0x0000000000010dba        0x2 ff
 .text.xQueueGenericSend
                0x0000000000010dbc      0x104 build/obj//home/bionia/SJSU-Dev/firmware/lib/L1_FreeRTOS/src/queue.o
                0x0000000000010dbc                xQueueGenericSend
 .text.xQueueCreateMutex
                0x0000000000010ec0       0x24 build/obj//home/bionia/SJSU-Dev/firmware/lib/L1_FreeRTOS/src/queue.o
                0x0000000000010ec0                xQueueCreateMutex
 .text.xQueueGenericSendFromISR
                0x0000000000010ee4       0x80 build/obj//home/bionia/SJSU-Dev/firmware/lib/L1_FreeRTOS/src/queue.o
                0x0000000000010ee4                xQueueGenericSendFromISR
 .text.xQueueGiveFromISR
                0x0000000000010f64       0x68 build/obj//home/bionia/SJSU-Dev/firmware/lib/L1_FreeRTOS/src/queue.o
                0x0000000000010f64                xQueueGiveFromISR
 .text.xQueueGenericReceive
                0x0000000000010fcc      0x134 build/obj//home/bionia/SJSU-Dev/firmware/lib/L1_FreeRTOS/src/queue.o
                0x0000000000010fcc                xQueueGenericReceive
 .text.xQueueReceiveFromISR
                0x0000000000011100       0x68 build/obj//home/bionia/SJSU-Dev/firmware/lib/L1_FreeRTOS/src/queue.o
                0x0000000000011100                xQueueReceiveFromISR
 .text.uxQueueMessagesWaiting
                0x0000000000011168       0x12 build/obj//home/bionia/SJSU-Dev/firmware/lib/L1_FreeRTOS/src/queue.o
                0x0000000000011168                uxQueueMessagesWaiting
 .text.uxQueueMessagesWaitingFromISR
                0x000000000001117a        0x4 build/obj//home/bionia/SJSU-Dev/firmware/lib/L1_FreeRTOS/src/queue.o
                0x000000000001117a                uxQueueMessagesWaitingFromISR
 *fill*         0x000000000001117e        0x2 ff
 .text.prvResetNextTaskUnblockTime
                0x0000000000011180       0x24 build/obj//home/bionia/SJSU-Dev/firmware/lib/L1_FreeRTOS/src/tasks.o
 .text.prvAddCurrentTaskToDelayedList
                0x00000000000111a4       0x8c build/obj//home/bionia/SJSU-Dev/firmware/lib/L1_FreeRTOS/src/tasks.o
 .text.xTaskCreate
                0x0000000000011230      0x1a4 build/obj//home/bionia/SJSU-Dev/firmware/lib/L1_FreeRTOS/src/tasks.o
                0x0000000000011230                xTaskCreate
 .text.vTaskSuspendAll
                0x00000000000113d4       0x10 build/obj//home/bionia/SJSU-Dev/firmware/lib/L1_FreeRTOS/src/tasks.o
                0x00000000000113d4                vTaskSuspendAll
 .text.xTaskGetTickCountFromISR
                0x00000000000113e4        0xc build/obj//home/bionia/SJSU-Dev/firmware/lib/L1_FreeRTOS/src/tasks.o
                0x00000000000113e4                xTaskGetTickCountFromISR
 .text.xTaskIncrementTick
                0x00000000000113f0      0x10c build/obj//home/bionia/SJSU-Dev/firmware/lib/L1_FreeRTOS/src/tasks.o
                0x00000000000113f0                xTaskIncrementTick
 .text.xTaskResumeAll
                0x00000000000114fc       0xd8 build/obj//home/bionia/SJSU-Dev/firmware/lib/L1_FreeRTOS/src/tasks.o
                0x00000000000114fc                xTaskResumeAll
 .text.vTaskDelay
                0x00000000000115d4       0x30 build/obj//home/bionia/SJSU-Dev/firmware/lib/L1_FreeRTOS/src/tasks.o
                0x00000000000115d4                vTaskDelay
 .text.vTaskSwitchContext
                0x0000000000011604       0xb8 build/obj//home/bionia/SJSU-Dev/firmware/lib/L1_FreeRTOS/src/tasks.o
                0x0000000000011604                vTaskSwitchContext
 .text.vTaskPlaceOnEventList
                0x00000000000116bc       0x20 build/obj//home/bionia/SJSU-Dev/firmware/lib/L1_FreeRTOS/src/tasks.o
                0x00000000000116bc                vTaskPlaceOnEventList
 .text.xTaskRemoveFromEventList
                0x00000000000116dc       0x70 build/obj//home/bionia/SJSU-Dev/firmware/lib/L1_FreeRTOS/src/tasks.o
                0x00000000000116dc                xTaskRemoveFromEventList
 .text.vTaskSetTimeOutState
                0x000000000001174c       0x18 build/obj//home/bionia/SJSU-Dev/firmware/lib/L1_FreeRTOS/src/tasks.o
                0x000000000001174c                vTaskSetTimeOutState
 .text.xTaskCheckForTimeOut
                0x0000000000011764       0x4c build/obj//home/bionia/SJSU-Dev/firmware/lib/L1_FreeRTOS/src/tasks.o
                0x0000000000011764                xTaskCheckForTimeOut
 .text.vTaskMissedYield
                0x00000000000117b0        0xc build/obj//home/bionia/SJSU-Dev/firmware/lib/L1_FreeRTOS/src/tasks.o
                0x00000000000117b0                vTaskMissedYield
 .text.xTaskGetSchedulerState
                0x00000000000117bc       0x20 build/obj//home/bionia/SJSU-Dev/firmware/lib/L1_FreeRTOS/src/tasks.o
                0x00000000000117bc                xTaskGetSchedulerState
 .text.vTaskPriorityInherit
                0x00000000000117dc       0x90 build/obj//home/bionia/SJSU-Dev/firmware/lib/L1_FreeRTOS/src/tasks.o
                0x00000000000117dc                vTaskPriorityInherit
 .text.xTaskPriorityDisinherit
                0x000000000001186c       0x70 build/obj//home/bionia/SJSU-Dev/firmware/lib/L1_FreeRTOS/src/tasks.o
                0x000000000001186c                xTaskPriorityDisinherit
 .text.pvTaskIncrementMutexHeldCount
                0x00000000000118dc       0x18 build/obj//home/bionia/SJSU-Dev/firmware/lib/L1_FreeRTOS/src/tasks.o
                0x00000000000118dc                pvTaskIncrementMutexHeldCount
 .text.vRunTimeStatIsrEntry
                0x00000000000118f4       0x28 build/obj//home/bionia/SJSU-Dev/firmware/lib/L1_FreeRTOS/src/tasks.o
                0x00000000000118f4                vRunTimeStatIsrEntry
 .text.vRunTimeStatIsrExit
                0x000000000001191c       0x10 build/obj//home/bionia/SJSU-Dev/firmware/lib/L1_FreeRTOS/src/tasks.o
                0x000000000001191c                vRunTimeStatIsrExit
 .text._ZN7CharDev5flushEv
                0x000000000001192c        0x4 build/obj//home/bionia/SJSU-Dev/firmware/lib/L2_Drivers/base/char_dev.o
                0x000000000001192c                CharDev::flush()
 .text._ZN7CharDevC2Ev
                0x0000000000011930       0x20 build/obj//home/bionia/SJSU-Dev/firmware/lib/L2_Drivers/base/char_dev.o
                0x0000000000011930                CharDev::CharDev()
                0x0000000000011930                CharDev::CharDev()
 .text._ZN7CharDevD2Ev
                0x0000000000011950       0x18 build/obj//home/bionia/SJSU-Dev/firmware/lib/L2_Drivers/base/char_dev.o
                0x0000000000011950                CharDev::~CharDev()
                0x0000000000011950                CharDev::~CharDev()
 .text._ZN8I2C_Base8transferEhPhmS0_m
                0x0000000000011968      0x108 build/obj//home/bionia/SJSU-Dev/firmware/lib/L2_Drivers/base/i2c_base.o
                0x0000000000011968                I2C_Base::transfer(unsigned char, unsigned char*, unsigned long, unsigned char*, unsigned long)
 .text._ZN8I2C_Base21writeRegisterThenReadEhPhmS0_m
                0x0000000000011a70        0xc build/obj//home/bionia/SJSU-Dev/firmware/lib/L2_Drivers/base/i2c_base.o
                0x0000000000011a70                I2C_Base::writeRegisterThenRead(unsigned char, unsigned char*, unsigned long, unsigned char*, unsigned long)
 .text._ZN8I2C_Base7readRegEhh
                0x0000000000011a7c       0x28 build/obj//home/bionia/SJSU-Dev/firmware/lib/L2_Drivers/base/i2c_base.o
                0x0000000000011a7c                I2C_Base::readReg(unsigned char, unsigned char)
 .text._ZN8I2C_Base13readRegistersEhhPhm
                0x0000000000011aa4       0x1a build/obj//home/bionia/SJSU-Dev/firmware/lib/L2_Drivers/base/i2c_base.o
                0x0000000000011aa4                I2C_Base::readRegisters(unsigned char, unsigned char, unsigned char*, unsigned long)
 .text._ZN8I2C_Base14writeRegistersEhPhm
                0x0000000000011abe       0x14 build/obj//home/bionia/SJSU-Dev/firmware/lib/L2_Drivers/base/i2c_base.o
                0x0000000000011abe                I2C_Base::writeRegisters(unsigned char, unsigned char*, unsigned long)
 .text._ZN8I2C_Base8writeRegEhhh
                0x0000000000011ad2       0x18 build/obj//home/bionia/SJSU-Dev/firmware/lib/L2_Drivers/base/i2c_base.o
                0x0000000000011ad2                I2C_Base::writeReg(unsigned char, unsigned char, unsigned char)
 .text._ZN8I2C_Base13readRegistersEhPhm
                0x0000000000011aea       0x18 build/obj//home/bionia/SJSU-Dev/firmware/lib/L2_Drivers/base/i2c_base.o
                0x0000000000011aea                I2C_Base::readRegisters(unsigned char, unsigned char*, unsigned long)
 .text._ZN8I2C_Base19checkDeviceResponseEh
                0x0000000000011b02       0x14 build/obj//home/bionia/SJSU-Dev/firmware/lib/L2_Drivers/base/i2c_base.o
                0x0000000000011b02                I2C_Base::checkDeviceResponse(unsigned char)
 *fill*         0x0000000000011b16        0x2 ff
 .text._ZN8I2C_BaseC2EP15LPC_I2C_TypeDef
                0x0000000000011b18       0x5c build/obj//home/bionia/SJSU-Dev/firmware/lib/L2_Drivers/base/i2c_base.o
                0x0000000000011b18                I2C_Base::I2C_Base(LPC_I2C_TypeDef*)
                0x0000000000011b18                I2C_Base::I2C_Base(LPC_I2C_TypeDef*)
 .text._ZN8I2C_Base4initEmm
                0x0000000000011b74       0x94 build/obj//home/bionia/SJSU-Dev/firmware/lib/L2_Drivers/base/i2c_base.o
                0x0000000000011b74                I2C_Base::init(unsigned long, unsigned long)
 .text._ZN8I2C_Base7setStopEv
                0x0000000000011c08       0x28 build/obj//home/bionia/SJSU-Dev/firmware/lib/L2_Drivers/base/i2c_base.o
                0x0000000000011c08                I2C_Base::setStop()
 .text._ZN8I2C_Base15i2cStateMachineEv
                0x0000000000011c30      0x10a build/obj//home/bionia/SJSU-Dev/firmware/lib/L2_Drivers/base/i2c_base.o
                0x0000000000011c30                I2C_Base::i2cStateMachine()
 *fill*         0x0000000000011d3a        0x2 ff
 .text._ZN8I2C_Base15handleInterruptEv
                0x0000000000011d3c       0x38 build/obj//home/bionia/SJSU-Dev/firmware/lib/L2_Drivers/base/i2c_base.o
                0x0000000000011d3c                I2C_Base::handleInterrupt()
 .text._ZN7UartDev7putCharEcj
                0x0000000000011d74       0x5c build/obj//home/bionia/SJSU-Dev/firmware/lib/L2_Drivers/base/uart_dev.o
                0x0000000000011d74                UartDev::putChar(char, unsigned int)
 .text._ZN7UartDevD2Ev
                0x0000000000011dd0       0x14 build/obj//home/bionia/SJSU-Dev/firmware/lib/L2_Drivers/base/uart_dev.o
                0x0000000000011dd0                UartDev::~UartDev()
                0x0000000000011dd0                UartDev::~UartDev()
 .text._ZN7UartDevD0Ev
                0x0000000000011de4       0x14 build/obj//home/bionia/SJSU-Dev/firmware/lib/L2_Drivers/base/uart_dev.o
                0x0000000000011de4                UartDev::~UartDev()
 .text._ZN7UartDev5flushEv
                0x0000000000011df8       0x20 build/obj//home/bionia/SJSU-Dev/firmware/lib/L2_Drivers/base/uart_dev.o
                0x0000000000011df8                UartDev::flush()
 .text._ZN7UartDev7getCharEPcj
                0x0000000000011e18       0x6c build/obj//home/bionia/SJSU-Dev/firmware/lib/L2_Drivers/base/uart_dev.o
                0x0000000000011e18                UartDev::getChar(char*, unsigned int)
 .text._ZN7UartDev15handleInterruptEv
                0x0000000000011e84       0xc0 build/obj//home/bionia/SJSU-Dev/firmware/lib/L2_Drivers/base/uart_dev.o
                0x0000000000011e84                UartDev::handleInterrupt()
 .text._ZN7UartDevC2EPj
                0x0000000000011f44       0x28 build/obj//home/bionia/SJSU-Dev/firmware/lib/L2_Drivers/base/uart_dev.o
                0x0000000000011f44                UartDev::UartDev(unsigned int*)
                0x0000000000011f44                UartDev::UartDev(unsigned int*)
 .text.adc0_start_conversion
                0x0000000000011f6c       0x24 build/obj//home/bionia/SJSU-Dev/firmware/lib/L2_Drivers/src/adc.o
 .text.ADC_IRQHandler
                0x0000000000011f90       0x48 build/obj//home/bionia/SJSU-Dev/firmware/lib/L2_Drivers/src/adc.o
                0x0000000000011f90                ADC_IRQHandler
 .text.adc0_init
                0x0000000000011fd8       0x74 build/obj//home/bionia/SJSU-Dev/firmware/lib/L2_Drivers/src/adc.o
                0x0000000000011fd8                adc0_init
 .text.adc0_get_reading
                0x000000000001204c       0x74 build/obj//home/bionia/SJSU-Dev/firmware/lib/L2_Drivers/src/adc.o
                0x000000000001204c                adc0_get_reading
 .text.CAN_tx_now
                0x00000000000120c0       0x32 build/obj//home/bionia/SJSU-Dev/firmware/lib/L2_Drivers/src/can.o
 *fill*         0x00000000000120f2        0x2 ff
 .text.CAN_handle_isr
                0x00000000000120f4       0xa4 build/obj//home/bionia/SJSU-Dev/firmware/lib/L2_Drivers/src/can.o
 .text.CAN_IRQHandler
                0x0000000000012198       0x28 build/obj//home/bionia/SJSU-Dev/firmware/lib/L2_Drivers/src/can.o
                0x0000000000012198                CAN_IRQHandler
 .text.handle_eint_list
                0x00000000000121c0       0x2c build/obj//home/bionia/SJSU-Dev/firmware/lib/L2_Drivers/src/eint.o
 .text.eint3_enable.isra.0
                0x00000000000121ec       0x38 build/obj//home/bionia/SJSU-Dev/firmware/lib/L2_Drivers/src/eint.o
 .text.EINT3_IRQHandler
                0x0000000000012224       0x80 build/obj//home/bionia/SJSU-Dev/firmware/lib/L2_Drivers/src/eint.o
                0x0000000000012224                EINT3_IRQHandler
 .text.eint3_enable_port0
                0x00000000000122a4       0x30 build/obj//home/bionia/SJSU-Dev/firmware/lib/L2_Drivers/src/eint.o
                0x00000000000122a4                eint3_enable_port0
 .text._ZN4I2C24initEj
                0x00000000000122d4       0x6c build/obj//home/bionia/SJSU-Dev/firmware/lib/L2_Drivers/src/i2c2.o
                0x00000000000122d4                I2C2::init(unsigned int)
 .text._ZN4I2C2C2Ev
                0x0000000000012340       0x14 build/obj//home/bionia/SJSU-Dev/firmware/lib/L2_Drivers/src/i2c2.o
                0x0000000000012340                I2C2::I2C2()
                0x0000000000012340                I2C2::I2C2()
 .text.I2C2_IRQHandler
                0x0000000000012354       0x28 build/obj//home/bionia/SJSU-Dev/firmware/lib/L2_Drivers/src/i2c2.o
                0x0000000000012354                I2C2_IRQHandler
 .text.RIT_IRQHandler
                0x000000000001237c       0x1c build/obj//home/bionia/SJSU-Dev/firmware/lib/L2_Drivers/src/lpc_rit.o
                0x000000000001237c                RIT_IRQHandler
 .text.lpc_timer_get_struct
                0x0000000000012398       0x20 build/obj//home/bionia/SJSU-Dev/firmware/lib/L2_Drivers/src/lpc_timers.o
 .text.lpc_timer_enable
                0x00000000000123b8       0x6c build/obj//home/bionia/SJSU-Dev/firmware/lib/L2_Drivers/src/lpc_timers.o
                0x00000000000123b8                lpc_timer_enable
 .text.rtc_gettime
                0x0000000000012424       0x48 build/obj//home/bionia/SJSU-Dev/firmware/lib/L2_Drivers/src/rtc.o
                0x0000000000012424                rtc_gettime
 .text.rtc_settime
                0x000000000001246c       0x68 build/obj//home/bionia/SJSU-Dev/firmware/lib/L2_Drivers/src/rtc.o
                0x000000000001246c                rtc_settime
 .text.rtc_init
                0x00000000000124d4       0xd0 build/obj//home/bionia/SJSU-Dev/firmware/lib/L2_Drivers/src/rtc.o
                0x00000000000124d4                rtc_init
 .text.ssp1_dma_init
                0x00000000000125a4       0x1c build/obj//home/bionia/SJSU-Dev/firmware/lib/L2_Drivers/src/spi_dma.o
                0x00000000000125a4                ssp1_dma_init
 .text.ssp1_dma_transfer_block
                0x00000000000125c0       0xc0 build/obj//home/bionia/SJSU-Dev/firmware/lib/L2_Drivers/src/spi_dma.o
                0x00000000000125c0                ssp1_dma_transfer_block
 .text.spi1_lock
                0x0000000000012680       0x30 build/obj//home/bionia/SJSU-Dev/firmware/lib/L2_Drivers/src/spi_sem.o
                0x0000000000012680                spi1_lock
 .text.spi1_unlock
                0x00000000000126b0       0x24 build/obj//home/bionia/SJSU-Dev/firmware/lib/L2_Drivers/src/spi_sem.o
                0x00000000000126b0                spi1_unlock
 .text._ZN5Uart0D2Ev
                0x00000000000126d4       0x14 build/obj//home/bionia/SJSU-Dev/firmware/lib/L2_Drivers/src/uart0.o
                0x00000000000126d4                Uart0::~Uart0()
                0x00000000000126d4                Uart0::~Uart0()
 .text._ZN5Uart0D0Ev
                0x00000000000126e8       0x14 build/obj//home/bionia/SJSU-Dev/firmware/lib/L2_Drivers/src/uart0.o
                0x00000000000126e8                Uart0::~Uart0()
 .text._ZN5Uart0C2Ev
                0x00000000000126fc       0x1c build/obj//home/bionia/SJSU-Dev/firmware/lib/L2_Drivers/src/uart0.o
                0x00000000000126fc                Uart0::Uart0()
                0x00000000000126fc                Uart0::Uart0()
 .text.UART0_IRQHandler
                0x0000000000012718       0x24 build/obj//home/bionia/SJSU-Dev/firmware/lib/L2_Drivers/src/uart0.o
                0x0000000000012718                UART0_IRQHandler
 .text._ZN5Uart2D2Ev
                0x000000000001273c       0x14 build/obj//home/bionia/SJSU-Dev/firmware/lib/L2_Drivers/src/uart2.o
                0x000000000001273c                Uart2::~Uart2()
                0x000000000001273c                Uart2::~Uart2()
 .text._ZN5Uart2D0Ev
                0x0000000000012750       0x14 build/obj//home/bionia/SJSU-Dev/firmware/lib/L2_Drivers/src/uart2.o
                0x0000000000012750                Uart2::~Uart2()
 .text._ZN5Uart2C2Ev
                0x0000000000012764       0x1c build/obj//home/bionia/SJSU-Dev/firmware/lib/L2_Drivers/src/uart2.o
                0x0000000000012764                Uart2::Uart2()
                0x0000000000012764                Uart2::Uart2()
 .text.UART2_IRQHandler
                0x0000000000012780       0x24 build/obj//home/bionia/SJSU-Dev/firmware/lib/L2_Drivers/src/uart2.o
                0x0000000000012780                UART2_IRQHandler
 .text._ZN5Uart3D2Ev
                0x00000000000127a4       0x14 build/obj//home/bionia/SJSU-Dev/firmware/lib/L2_Drivers/src/uart3.o
                0x00000000000127a4                Uart3::~Uart3()
                0x00000000000127a4                Uart3::~Uart3()
 .text._ZN5Uart3D0Ev
                0x00000000000127b8       0x14 build/obj//home/bionia/SJSU-Dev/firmware/lib/L2_Drivers/src/uart3.o
                0x00000000000127b8                Uart3::~Uart3()
 .text._ZN5Uart3C2Ev
                0x00000000000127cc       0x1c build/obj//home/bionia/SJSU-Dev/firmware/lib/L2_Drivers/src/uart3.o
                0x00000000000127cc                Uart3::Uart3()
                0x00000000000127cc                Uart3::Uart3()
 .text.UART3_IRQHandler
                0x00000000000127e8       0x24 build/obj//home/bionia/SJSU-Dev/firmware/lib/L2_Drivers/src/uart3.o
                0x00000000000127e8                UART3_IRQHandler
 .text.c_list_create
                0x000000000001280c       0x14 build/obj//home/bionia/SJSU-Dev/firmware/lib/L3_Utils/src/c_list.o
                0x000000000001280c                c_list_create
 .text.c_list_insert_elm_end
                0x0000000000012820       0x38 build/obj//home/bionia/SJSU-Dev/firmware/lib/L3_Utils/src/c_list.o
                0x0000000000012820                c_list_insert_elm_end
 .text.c_list_find_elm
                0x0000000000012858       0x2c build/obj//home/bionia/SJSU-Dev/firmware/lib/L3_Utils/src/c_list.o
                0x0000000000012858                c_list_find_elm
 .text.c_list_for_each_elm
                0x0000000000012884       0x2a build/obj//home/bionia/SJSU-Dev/firmware/lib/L3_Utils/src/c_list.o
                0x0000000000012884                c_list_for_each_elm
 *fill*         0x00000000000128ae        0x2 ff
 .text.logger_write_to_file
                0x00000000000128b0       0xb4 build/obj//home/bionia/SJSU-Dev/firmware/lib/L3_Utils/src/file_logger.o
 .text.logger_task
                0x0000000000012964       0xd0 build/obj//home/bionia/SJSU-Dev/firmware/lib/L3_Utils/src/file_logger.o
 .text.logger_init
                0x0000000000012a34       0xcc build/obj//home/bionia/SJSU-Dev/firmware/lib/L3_Utils/src/file_logger.o
                0x0000000000012a34                logger_init
 .text.u0_dbg_put
                0x0000000000012b00       0x1e build/obj//home/bionia/SJSU-Dev/firmware/lib/L3_Utils/src/printf_lib.o
                0x0000000000012b00                u0_dbg_put
 .text.u0_dbg_printf
                0x0000000000012b1e       0x3c build/obj//home/bionia/SJSU-Dev/firmware/lib/L3_Utils/src/printf_lib.o
                0x0000000000012b1e                u0_dbg_printf
 .text.for_each_recur_alarm_callback
                0x0000000000012b5a       0x24 build/obj//home/bionia/SJSU-Dev/firmware/lib/L3_Utils/src/rtc_alarm.o
 .text.for_each_alarm_callback
                0x0000000000012b7e       0x5a build/obj//home/bionia/SJSU-Dev/firmware/lib/L3_Utils/src/rtc_alarm.o
 .text.RTC_IRQHandler
                0x0000000000012bd8       0xac build/obj//home/bionia/SJSU-Dev/firmware/lib/L3_Utils/src/rtc_alarm.o
                0x0000000000012bd8                RTC_IRQHandler
 .text.delay_us
                0x0000000000012c84       0x1c build/obj//home/bionia/SJSU-Dev/firmware/lib/L3_Utils/src/utilities.o
                0x0000000000012c84                delay_us
 .text.is_freertos_running
                0x0000000000012ca0        0xe build/obj//home/bionia/SJSU-Dev/firmware/lib/L3_Utils/src/utilities.o
                0x0000000000012ca0                is_freertos_running
 .text.delay_ms
                0x0000000000012cae       0x22 build/obj//home/bionia/SJSU-Dev/firmware/lib/L3_Utils/src/utilities.o
                0x0000000000012cae                delay_ms
 .text.tlm_component_find_by_name
                0x0000000000012cd0       0x10 build/obj//home/bionia/SJSU-Dev/firmware/lib/L3_Utils/tlm/src/c_tlm_comp.o
 .text.tlm_component_get_by_name
                0x0000000000012ce0       0x24 build/obj//home/bionia/SJSU-Dev/firmware/lib/L3_Utils/tlm/src/c_tlm_comp.o
                0x0000000000012ce0                tlm_component_get_by_name
 .text.tlm_component_add
                0x0000000000012d04       0x6c build/obj//home/bionia/SJSU-Dev/firmware/lib/L3_Utils/tlm/src/c_tlm_comp.o
                0x0000000000012d04                tlm_component_add
 .text.disk_initialize
                0x0000000000012d70       0x26 build/obj//home/bionia/SJSU-Dev/firmware/lib/L4_IO/fat/disk/diskio.o
                0x0000000000012d70                disk_initialize
 .text.disk_status
                0x0000000000012d96       0x10 build/obj//home/bionia/SJSU-Dev/firmware/lib/L4_IO/fat/disk/diskio.o
                0x0000000000012d96                disk_status
 .text.disk_read
                0x0000000000012da6       0x38 build/obj//home/bionia/SJSU-Dev/firmware/lib/L4_IO/fat/disk/diskio.o
                0x0000000000012da6                disk_read
 .text.disk_write
                0x0000000000012dde       0x38 build/obj//home/bionia/SJSU-Dev/firmware/lib/L4_IO/fat/disk/diskio.o
                0x0000000000012dde                disk_write
 .text.disk_ioctl
                0x0000000000012e16       0x32 build/obj//home/bionia/SJSU-Dev/firmware/lib/L4_IO/fat/disk/diskio.o
                0x0000000000012e16                disk_ioctl
 .text.sys_get_uptime_ms
                0x0000000000012e48       0x12 build/obj//home/bionia/SJSU-Dev/firmware/lib/L4_IO/fat/disk/sd.o
 *fill*         0x0000000000012e5a        0x2 ff
 .text.ssp1_set_max_clock
                0x0000000000012e5c       0x30 build/obj//home/bionia/SJSU-Dev/firmware/lib/L4_IO/fat/disk/sd.o
 .text.ssp1_exchange_byte
                0x0000000000012e8c       0x14 build/obj//home/bionia/SJSU-Dev/firmware/lib/L4_IO/fat/disk/sd.o
 .text.wait_ready
                0x0000000000012ea0       0x2e build/obj//home/bionia/SJSU-Dev/firmware/lib/L4_IO/fat/disk/sd.o
                0x0000000000012ea0                wait_ready
 *fill*         0x0000000000012ece        0x2 ff
 .text.power_off
                0x0000000000012ed0       0x24 build/obj//home/bionia/SJSU-Dev/firmware/lib/L4_IO/fat/disk/sd.o
                0x0000000000012ed0                power_off
 .text.rcvr_datablock
                0x0000000000012ef4       0x8c build/obj//home/bionia/SJSU-Dev/firmware/lib/L4_IO/fat/disk/sd.o
                0x0000000000012ef4                rcvr_datablock
 .text.xmit_datablock
                0x0000000000012f80       0x4c build/obj//home/bionia/SJSU-Dev/firmware/lib/L4_IO/fat/disk/sd.o
                0x0000000000012f80                xmit_datablock
 .text.send_cmd
                0x0000000000012fcc       0x8c build/obj//home/bionia/SJSU-Dev/firmware/lib/L4_IO/fat/disk/sd.o
                0x0000000000012fcc                send_cmd
 .text.sd_update_card_status
                0x0000000000013058       0x24 build/obj//home/bionia/SJSU-Dev/firmware/lib/L4_IO/fat/disk/sd.o
                0x0000000000013058                sd_update_card_status
 .text.sd_initialize
                0x000000000001307c      0x16c build/obj//home/bionia/SJSU-Dev/firmware/lib/L4_IO/fat/disk/sd.o
                0x000000000001307c                sd_initialize
 .text.sd_status
                0x00000000000131e8       0x10 build/obj//home/bionia/SJSU-Dev/firmware/lib/L4_IO/fat/disk/sd.o
                0x00000000000131e8                sd_status
 .text.sd_read  0x00000000000131f8       0x98 build/obj//home/bionia/SJSU-Dev/firmware/lib/L4_IO/fat/disk/sd.o
                0x00000000000131f8                sd_read
 .text.sd_write
                0x0000000000013290       0xb4 build/obj//home/bionia/SJSU-Dev/firmware/lib/L4_IO/fat/disk/sd.o
                0x0000000000013290                sd_write
 .text.sd_ioctl
                0x0000000000013344      0x21c build/obj//home/bionia/SJSU-Dev/firmware/lib/L4_IO/fat/disk/sd.o
                0x0000000000013344                sd_ioctl
 .text._ZL24flash_get_mem_size_bytesv
                0x0000000000013560       0x20 build/obj//home/bionia/SJSU-Dev/firmware/lib/L4_IO/fat/disk/spi_flash.o
 .text._ZL37flash_perform_page_io_of_fatfs_sectorPFvPhmmES_m
                0x0000000000013580       0x74 build/obj//home/bionia/SJSU-Dev/firmware/lib/L4_IO/fat/disk/spi_flash.o
 .text.ssp1_exchange_data
                0x00000000000135f4       0xac build/obj//home/bionia/SJSU-Dev/firmware/lib/L4_IO/fat/disk/spi_flash.o
 .text._ZL18flash_send_op_addr14flash_opcode_tm
                0x00000000000136a0       0x26 build/obj//home/bionia/SJSU-Dev/firmware/lib/L4_IO/fat/disk/spi_flash.o
 *fill*         0x00000000000136c6        0x2 ff
 .text._ZL15flash_read_pagePhmm
                0x00000000000136c8       0x44 build/obj//home/bionia/SJSU-Dev/firmware/lib/L4_IO/fat/disk/spi_flash.o
 .text._ZL20flash_wait_for_readyv
                0x000000000001370c       0x40 build/obj//home/bionia/SJSU-Dev/firmware/lib/L4_IO/fat/disk/spi_flash.o
 .text.flash_initialize
                0x000000000001374c       0x98 build/obj//home/bionia/SJSU-Dev/firmware/lib/L4_IO/fat/disk/spi_flash.o
                0x000000000001374c                flash_initialize
 .text.flash_read_sectors
                0x00000000000137e4       0x70 build/obj//home/bionia/SJSU-Dev/firmware/lib/L4_IO/fat/disk/spi_flash.o
                0x00000000000137e4                flash_read_sectors
 .text.flash_write_sectors
                0x0000000000013854       0x4c build/obj//home/bionia/SJSU-Dev/firmware/lib/L4_IO/fat/disk/spi_flash.o
                0x0000000000013854                flash_write_sectors
 .text.flash_ioctl
                0x00000000000138a0       0x36 build/obj//home/bionia/SJSU-Dev/firmware/lib/L4_IO/fat/disk/spi_flash.o
                0x00000000000138a0                flash_ioctl
 *fill*         0x00000000000138d6        0x2 ff
 .text.flash_write_permanent_id
                0x00000000000138d8       0x44 build/obj//home/bionia/SJSU-Dev/firmware/lib/L4_IO/fat/disk/spi_flash.o
                0x00000000000138d8                flash_write_permanent_id
 .text.flash_read_permanent_id
                0x000000000001391c       0x28 build/obj//home/bionia/SJSU-Dev/firmware/lib/L4_IO/fat/disk/spi_flash.o
                0x000000000001391c                flash_read_permanent_id
 .text.flash_get_page_count
                0x0000000000013944       0x20 build/obj//home/bionia/SJSU-Dev/firmware/lib/L4_IO/fat/disk/spi_flash.o
                0x0000000000013944                flash_get_page_count
 .text.flash_get_page_size
                0x0000000000013964        0xc build/obj//home/bionia/SJSU-Dev/firmware/lib/L4_IO/fat/disk/spi_flash.o
                0x0000000000013964                flash_get_page_size
 .text.flash_supports_metadata
                0x0000000000013970       0x10 build/obj//home/bionia/SJSU-Dev/firmware/lib/L4_IO/fat/disk/spi_flash.o
                0x0000000000013970                flash_supports_metadata
 .text._ZL16flash_write_pagePhmm
                0x0000000000013980       0x8c build/obj//home/bionia/SJSU-Dev/firmware/lib/L4_IO/fat/disk/spi_flash.o
 .text.flash_chip_erase
                0x0000000000013a0c       0x2c build/obj//home/bionia/SJSU-Dev/firmware/lib/L4_IO/fat/disk/spi_flash.o
                0x0000000000013a0c                flash_chip_erase
 .text.get_fattime
                0x0000000000013a38       0x52 build/obj//home/bionia/SJSU-Dev/firmware/lib/L4_IO/fat/fatfs_time.o
                0x0000000000013a38                get_fattime
 .text.mem_cpy  0x0000000000013a8a       0x38 build/obj//home/bionia/SJSU-Dev/firmware/lib/L4_IO/fat/ff.o
 .text.mem_set  0x0000000000013ac2        0xe build/obj//home/bionia/SJSU-Dev/firmware/lib/L4_IO/fat/ff.o
 .text.sum_sfn  0x0000000000013ad0       0x1e build/obj//home/bionia/SJSU-Dev/firmware/lib/L4_IO/fat/ff.o
 .text.get_ldnumber
                0x0000000000013aee       0x3a build/obj//home/bionia/SJSU-Dev/firmware/lib/L4_IO/fat/ff.o
 .text.sync_window.part.1
                0x0000000000013b28       0x46 build/obj//home/bionia/SJSU-Dev/firmware/lib/L4_IO/fat/ff.o
 .text.sync_window
                0x0000000000013b6e        0xc build/obj//home/bionia/SJSU-Dev/firmware/lib/L4_IO/fat/ff.o
 *fill*         0x0000000000013b7a        0x2 ff
 .text.sync_fs  0x0000000000013b7c       0x74 build/obj//home/bionia/SJSU-Dev/firmware/lib/L4_IO/fat/ff.o
 .text.move_window
                0x0000000000013bf0       0x34 build/obj//home/bionia/SJSU-Dev/firmware/lib/L4_IO/fat/ff.o
 .text.check_fs
                0x0000000000013c24       0x4c build/obj//home/bionia/SJSU-Dev/firmware/lib/L4_IO/fat/ff.o
 .text.find_volume
                0x0000000000013c70      0x21c build/obj//home/bionia/SJSU-Dev/firmware/lib/L4_IO/fat/ff.o
 .text.validate
                0x0000000000013e8c       0x3a build/obj//home/bionia/SJSU-Dev/firmware/lib/L4_IO/fat/ff.o
 .text.unlock_fs
                0x0000000000013ec6       0x1a build/obj//home/bionia/SJSU-Dev/firmware/lib/L4_IO/fat/ff.o
 .text.clust2sect
                0x0000000000013ee0       0x16 build/obj//home/bionia/SJSU-Dev/firmware/lib/L4_IO/fat/ff.o
                0x0000000000013ee0                clust2sect
 .text.get_fat  0x0000000000013ef6       0xa6 build/obj//home/bionia/SJSU-Dev/firmware/lib/L4_IO/fat/ff.o
                0x0000000000013ef6                get_fat
 .text.dir_sdi  0x0000000000013f9c       0x80 build/obj//home/bionia/SJSU-Dev/firmware/lib/L4_IO/fat/ff.o
 .text.put_fat  0x000000000001401c       0xd2 build/obj//home/bionia/SJSU-Dev/firmware/lib/L4_IO/fat/ff.o
                0x000000000001401c                put_fat
 .text.create_chain
                0x00000000000140ee       0xa0 build/obj//home/bionia/SJSU-Dev/firmware/lib/L4_IO/fat/ff.o
 .text.dir_next
                0x000000000001418e       0xec build/obj//home/bionia/SJSU-Dev/firmware/lib/L4_IO/fat/ff.o
 *fill*         0x000000000001427a        0x2 ff
 .text.dir_find.part.9
                0x000000000001427c      0x120 build/obj//home/bionia/SJSU-Dev/firmware/lib/L4_IO/fat/ff.o
 .text.follow_path
                0x000000000001439c      0x270 build/obj//home/bionia/SJSU-Dev/firmware/lib/L4_IO/fat/ff.o
 .text.dir_register
                0x000000000001460c      0x238 build/obj//home/bionia/SJSU-Dev/firmware/lib/L4_IO/fat/ff.o
 .text.remove_chain
                0x0000000000014844       0x58 build/obj//home/bionia/SJSU-Dev/firmware/lib/L4_IO/fat/ff.o
 .text.f_mount  0x000000000001489c       0x7c build/obj//home/bionia/SJSU-Dev/firmware/lib/L4_IO/fat/ff.o
                0x000000000001489c                f_mount
 .text.f_open   0x0000000000014918      0x12e build/obj//home/bionia/SJSU-Dev/firmware/lib/L4_IO/fat/ff.o
                0x0000000000014918                f_open
 .text.f_read   0x0000000000014a46      0x170 build/obj//home/bionia/SJSU-Dev/firmware/lib/L4_IO/fat/ff.o
                0x0000000000014a46                f_read
 .text.f_write  0x0000000000014bb6      0x1ac build/obj//home/bionia/SJSU-Dev/firmware/lib/L4_IO/fat/ff.o
                0x0000000000014bb6                f_write
 .text.f_sync   0x0000000000014d62       0x8a build/obj//home/bionia/SJSU-Dev/firmware/lib/L4_IO/fat/ff.o
                0x0000000000014d62                f_sync
 .text.f_close  0x0000000000014dec       0x24 build/obj//home/bionia/SJSU-Dev/firmware/lib/L4_IO/fat/ff.o
                0x0000000000014dec                f_close
 .text.f_lseek  0x0000000000014e10      0x14e build/obj//home/bionia/SJSU-Dev/firmware/lib/L4_IO/fat/ff.o
                0x0000000000014e10                f_lseek
 .text.f_getfree
                0x0000000000014f5e       0xc8 build/obj//home/bionia/SJSU-Dev/firmware/lib/L4_IO/fat/ff.o
                0x0000000000014f5e                f_getfree
 *fill*         0x0000000000015026        0x2 ff
 .text.f_mkfs   0x0000000000015028      0x4f4 build/obj//home/bionia/SJSU-Dev/firmware/lib/L4_IO/fat/ff.o
                0x0000000000015028                f_mkfs
 .text.ff_convert
                0x000000000001551c       0x3c build/obj//home/bionia/SJSU-Dev/firmware/lib/L4_IO/fat/option/ccsbcs.o
                0x000000000001551c                ff_convert
 .text.ff_wtoupper
                0x0000000000015558       0x24 build/obj//home/bionia/SJSU-Dev/firmware/lib/L4_IO/fat/option/ccsbcs.o
                0x0000000000015558                ff_wtoupper
 .text.ff_cre_syncobj
                0x000000000001557c       0x14 build/obj//home/bionia/SJSU-Dev/firmware/lib/L4_IO/fat/option/reentrant.o
                0x000000000001557c                ff_cre_syncobj
 .text.ff_del_syncobj
                0x0000000000015590        0x4 build/obj//home/bionia/SJSU-Dev/firmware/lib/L4_IO/fat/option/reentrant.o
                0x0000000000015590                ff_del_syncobj
 .text.ff_req_grant
                0x0000000000015594       0x26 build/obj//home/bionia/SJSU-Dev/firmware/lib/L4_IO/fat/option/reentrant.o
                0x0000000000015594                ff_req_grant
 .text.ff_rel_grant
                0x00000000000155ba       0x1e build/obj//home/bionia/SJSU-Dev/firmware/lib/L4_IO/fat/option/reentrant.o
                0x00000000000155ba                ff_rel_grant
 .text._ZN11i2c2_device8writeRegEhh
                0x00000000000155d8        0xc build/obj//home/bionia/SJSU-Dev/firmware/lib/L4_IO/src/io_source.o
                0x00000000000155d8                i2c2_device::writeReg(unsigned char, unsigned char)
 .text._ZN11i2c2_device16get16BitRegisterEh
                0x00000000000155e4       0x2a build/obj//home/bionia/SJSU-Dev/firmware/lib/L4_IO/src/io_source.o
                0x00000000000155e4                i2c2_device::get16BitRegister(unsigned char)
 .text._ZN19Acceleration_Sensor4initEv
                0x000000000001560e       0x20 build/obj//home/bionia/SJSU-Dev/firmware/lib/L4_IO/src/io_source.o
                0x000000000001560e                Acceleration_Sensor::init()
 *fill*         0x000000000001562e        0x2 ff
 .text._ZN9IR_Sensor11storeIrCodeEm
                0x0000000000015630       0x1c build/obj//home/bionia/SJSU-Dev/firmware/lib/L4_IO/src/io_source.o
                0x0000000000015630                IR_Sensor::storeIrCode(unsigned long)
 .text._ZN9IR_Sensor12decodeIrCodeEv
                0x000000000001564c       0x64 build/obj//home/bionia/SJSU-Dev/firmware/lib/L4_IO/src/io_source.o
                0x000000000001564c                IR_Sensor::decodeIrCode()
 .text._ZN9IR_Sensor4initEv
                0x00000000000156b0       0x34 build/obj//home/bionia/SJSU-Dev/firmware/lib/L4_IO/src/io_source.o
                0x00000000000156b0                IR_Sensor::init()
 .text._ZN11LED_Display12setLeftDigitEc
                0x00000000000156e4       0x18 build/obj//home/bionia/SJSU-Dev/firmware/lib/L4_IO/src/io_source.o
                0x00000000000156e4                LED_Display::setLeftDigit(char)
 .text._ZN11LED_Display13setRightDigitEc
                0x00000000000156fc       0x18 build/obj//home/bionia/SJSU-Dev/firmware/lib/L4_IO/src/io_source.o
                0x00000000000156fc                LED_Display::setRightDigit(char)
 .text._ZN11LED_Display4initEv
                0x0000000000015714       0x38 build/obj//home/bionia/SJSU-Dev/firmware/lib/L4_IO/src/io_source.o
                0x0000000000015714                LED_Display::init()
 .text._ZN11LED_Display9setNumberEc
                0x000000000001574c       0x3a build/obj//home/bionia/SJSU-Dev/firmware/lib/L4_IO/src/io_source.o
                0x000000000001574c                LED_Display::setNumber(char)
 .text._ZN3LED4initEv
                0x0000000000015786        0x4 build/obj//home/bionia/SJSU-Dev/firmware/lib/L4_IO/src/io_source.o
                0x0000000000015786                LED::init()
 *fill*         0x000000000001578a        0x2 ff
 .text._ZN3LED6setAllEh
                0x000000000001578c       0x50 build/obj//home/bionia/SJSU-Dev/firmware/lib/L4_IO/src/io_source.o
                0x000000000001578c                LED::setAll(unsigned char)
 .text._ZN12Light_Sensor4initEv
                0x00000000000157dc        0x4 build/obj//home/bionia/SJSU-Dev/firmware/lib/L4_IO/src/io_source.o
                0x00000000000157dc                Light_Sensor::init()
 .text._ZN12Light_Sensor11getRawValueEv
                0x00000000000157e0        0x6 build/obj//home/bionia/SJSU-Dev/firmware/lib/L4_IO/src/io_source.o
                0x00000000000157e0                Light_Sensor::getRawValue()
 .text._ZN8Switches4initEv
                0x00000000000157e6        0x4 build/obj//home/bionia/SJSU-Dev/firmware/lib/L4_IO/src/io_source.o
                0x00000000000157e6                Switches::init()
 *fill*         0x00000000000157ea        0x2 ff
 .text._ZN8Switches15getSwitchValuesEv
                0x00000000000157ec       0x18 build/obj//home/bionia/SJSU-Dev/firmware/lib/L4_IO/src/io_source.o
                0x00000000000157ec                Switches::getSwitchValues()
 .text._ZN8I2C_Temp4initEv
                0x0000000000015804       0x22 build/obj//home/bionia/SJSU-Dev/firmware/lib/L4_IO/src/io_source.o
                0x0000000000015804                I2C_Temp::init()
 .text._ZN8I2C_Temp10getCelsiusEv
                0x0000000000015826       0x30 build/obj//home/bionia/SJSU-Dev/firmware/lib/L4_IO/src/io_source.o
                0x0000000000015826                I2C_Temp::getCelsius()
 *fill*         0x0000000000015856        0x2 ff
 .text._ZN8I2C_Temp12getFarenheitEv
                0x0000000000015858       0x24 build/obj//home/bionia/SJSU-Dev/firmware/lib/L4_IO/src/io_source.o
                0x0000000000015858                I2C_Temp::getFarenheit()
 .text._ZN7Storage4readEPKcPvjj
                0x000000000001587c       0x44 build/obj//home/bionia/SJSU-Dev/firmware/lib/L4_IO/src/storage.o
                0x000000000001587c                Storage::read(char const*, void*, unsigned int, unsigned int)
 .text.mesh_incr_soft_timers_for_arr
                0x00000000000158c0       0x26 build/obj//home/bionia/SJSU-Dev/firmware/lib/L4_IO/wireless/src/mesh.o
 *fill*         0x00000000000158e6        0x2 ff
 .text.mesh_update_soft_timers
                0x00000000000158e8       0x4c build/obj//home/bionia/SJSU-Dev/firmware/lib/L4_IO/wireless/src/mesh.o
 .text.mesh_send_packet
                0x0000000000015934       0x3c build/obj//home/bionia/SJSU-Dev/firmware/lib/L4_IO/wireless/src/mesh.o
 .text.mesh_send_retry_packet
                0x0000000000015970       0x34 build/obj//home/bionia/SJSU-Dev/firmware/lib/L4_IO/wireless/src/mesh.o
 .text.mesh_find_rte_tbl_entry
                0x00000000000159a4       0x24 build/obj//home/bionia/SJSU-Dev/firmware/lib/L4_IO/wireless/src/mesh.o
 .text.mesh_update_rte_scores
                0x00000000000159c8       0x28 build/obj//home/bionia/SJSU-Dev/firmware/lib/L4_IO/wireless/src/mesh.o
 .text.mesh_get_pnd_pkt_slot
                0x00000000000159f0       0x40 build/obj//home/bionia/SJSU-Dev/firmware/lib/L4_IO/wireless/src/mesh.o
 .text.mesh_pending_packets_add
                0x0000000000015a30       0x90 build/obj//home/bionia/SJSU-Dev/firmware/lib/L4_IO/wireless/src/mesh.o
 .text.mesh_get_rte_to_modify
                0x0000000000015ac0       0x58 build/obj//home/bionia/SJSU-Dev/firmware/lib/L4_IO/wireless/src/mesh.o
 .text.mesh_handle_pnd_pkts_for_arr
                0x0000000000015b18      0x178 build/obj//home/bionia/SJSU-Dev/firmware/lib/L4_IO/wireless/src/mesh.o
 .text.mesh_set_node_address
                0x0000000000015c90       0x18 build/obj//home/bionia/SJSU-Dev/firmware/lib/L4_IO/wireless/src/mesh.o
                0x0000000000015c90                mesh_set_node_address
 .text.mesh_get_node_address
                0x0000000000015ca8        0xc build/obj//home/bionia/SJSU-Dev/firmware/lib/L4_IO/wireless/src/mesh.o
                0x0000000000015ca8                mesh_get_node_address
 .text.mesh_form_pkt
                0x0000000000015cb4       0xf8 build/obj//home/bionia/SJSU-Dev/firmware/lib/L4_IO/wireless/src/mesh.o
                0x0000000000015cb4                mesh_form_pkt
 .text.mesh_send_formed_pkt
                0x0000000000015dac       0x58 build/obj//home/bionia/SJSU-Dev/firmware/lib/L4_IO/wireless/src/mesh.o
                0x0000000000015dac                mesh_send_formed_pkt
 .text.mesh_init
                0x0000000000015e04      0x100 build/obj//home/bionia/SJSU-Dev/firmware/lib/L4_IO/wireless/src/mesh.o
                0x0000000000015e04                mesh_init
 .text.mesh_send
                0x0000000000015f04       0x3e build/obj//home/bionia/SJSU-Dev/firmware/lib/L4_IO/wireless/src/mesh.o
                0x0000000000015f04                mesh_send
 .text.mesh_send_ack
                0x0000000000015f42       0x1a build/obj//home/bionia/SJSU-Dev/firmware/lib/L4_IO/wireless/src/mesh.o
 .text.mesh_get_num_routing_entries
                0x0000000000015f5c       0x1c build/obj//home/bionia/SJSU-Dev/firmware/lib/L4_IO/wireless/src/mesh.o
                0x0000000000015f5c                mesh_get_num_routing_entries
 .text.mesh_service
                0x0000000000015f78      0x2d0 build/obj//home/bionia/SJSU-Dev/firmware/lib/L4_IO/wireless/src/mesh.o
                0x0000000000015f78                mesh_service
 .text.mesh_get_pnd_pkt_count
                0x0000000000016248       0x34 build/obj//home/bionia/SJSU-Dev/firmware/lib/L4_IO/wireless/src/mesh.o
                0x0000000000016248                mesh_get_pnd_pkt_count
 .text.nordic_transfer
                0x000000000001627c       0xe8 build/obj//home/bionia/SJSU-Dev/firmware/lib/L4_IO/wireless/src/nrf24L01Plus.o
 .text.nordic_readRegister
                0x0000000000016364       0x20 build/obj//home/bionia/SJSU-Dev/firmware/lib/L4_IO/wireless/src/nrf24L01Plus.o
 .text.nordic_writeRegister
                0x0000000000016384       0x1e build/obj//home/bionia/SJSU-Dev/firmware/lib/L4_IO/wireless/src/nrf24L01Plus.o
 .text.nordic_is_tx_fifo_empty
                0x00000000000163a2        0xe build/obj//home/bionia/SJSU-Dev/firmware/lib/L4_IO/wireless/src/nrf24L01Plus.o
                0x00000000000163a2                nordic_is_tx_fifo_empty
 .text.nordic_clear_all_intr_flags
                0x00000000000163b0        0x8 build/obj//home/bionia/SJSU-Dev/firmware/lib/L4_IO/wireless/src/nrf24L01Plus.o
                0x00000000000163b0                nordic_clear_all_intr_flags
 .text.nordic_queue_tx_fifo
                0x00000000000163b8        0xc build/obj//home/bionia/SJSU-Dev/firmware/lib/L4_IO/wireless/src/nrf24L01Plus.o
                0x00000000000163b8                nordic_queue_tx_fifo
 .text.nordic_standby1_to_tx_mode1
                0x00000000000163c4       0x16 build/obj//home/bionia/SJSU-Dev/firmware/lib/L4_IO/wireless/src/nrf24L01Plus.o
                0x00000000000163c4                nordic_standby1_to_tx_mode1
 *fill*         0x00000000000163da        0x2 ff
 .text.nordic_rx_to_Stanby1
                0x00000000000163dc       0x10 build/obj//home/bionia/SJSU-Dev/firmware/lib/L4_IO/wireless/src/nrf24L01Plus.o
                0x00000000000163dc                nordic_rx_to_Stanby1
 .text.nordic_standby1_to_rx
                0x00000000000163ec       0x24 build/obj//home/bionia/SJSU-Dev/firmware/lib/L4_IO/wireless/src/nrf24L01Plus.o
                0x00000000000163ec                nordic_standby1_to_rx
 .text.nordic_clear_packet_sent_flag
                0x0000000000016410        0x8 build/obj//home/bionia/SJSU-Dev/firmware/lib/L4_IO/wireless/src/nrf24L01Plus.o
                0x0000000000016410                nordic_clear_packet_sent_flag
 .text.nordic_flush_tx_fifo
                0x0000000000016418        0xc build/obj//home/bionia/SJSU-Dev/firmware/lib/L4_IO/wireless/src/nrf24L01Plus.o
                0x0000000000016418                nordic_flush_tx_fifo
 .text.nordic_mode1_send_single_packet
                0x0000000000016424       0x4c build/obj//home/bionia/SJSU-Dev/firmware/lib/L4_IO/wireless/src/nrf24L01Plus.o
                0x0000000000016424                nordic_mode1_send_single_packet
 .text.nordic_is_packet_available
                0x0000000000016470       0x10 build/obj//home/bionia/SJSU-Dev/firmware/lib/L4_IO/wireless/src/nrf24L01Plus.o
                0x0000000000016470                nordic_is_packet_available
 .text.nordic_clear_packet_available_flag
                0x0000000000016480        0x8 build/obj//home/bionia/SJSU-Dev/firmware/lib/L4_IO/wireless/src/nrf24L01Plus.o
                0x0000000000016480                nordic_clear_packet_available_flag
 .text.nordic_read_rx_fifo
                0x0000000000016488       0x14 build/obj//home/bionia/SJSU-Dev/firmware/lib/L4_IO/wireless/src/nrf24L01Plus.o
                0x0000000000016488                nordic_read_rx_fifo
 .text.nordic_flush_rx_fifo
                0x000000000001649c        0xc build/obj//home/bionia/SJSU-Dev/firmware/lib/L4_IO/wireless/src/nrf24L01Plus.o
                0x000000000001649c                nordic_flush_rx_fifo
 .text.nordic_set_intr_signals
                0x00000000000164a8       0x3e build/obj//home/bionia/SJSU-Dev/firmware/lib/L4_IO/wireless/src/nrf24L01Plus.o
                0x00000000000164a8                nordic_set_intr_signals
 .text.nordic_set_crc
                0x00000000000164e6       0x38 build/obj//home/bionia/SJSU-Dev/firmware/lib/L4_IO/wireless/src/nrf24L01Plus.o
                0x00000000000164e6                nordic_set_crc
 .text.nordic_power_up
                0x000000000001651e       0x18 build/obj//home/bionia/SJSU-Dev/firmware/lib/L4_IO/wireless/src/nrf24L01Plus.o
                0x000000000001651e                nordic_power_up
 .text.nordic_power_down
                0x0000000000016536       0x16 build/obj//home/bionia/SJSU-Dev/firmware/lib/L4_IO/wireless/src/nrf24L01Plus.o
                0x0000000000016536                nordic_power_down
 .text.nordic_set_channel
                0x000000000001654c       0x24 build/obj//home/bionia/SJSU-Dev/firmware/lib/L4_IO/wireless/src/nrf24L01Plus.o
                0x000000000001654c                nordic_set_channel
 .text.nordic_set_air_data_rate
                0x0000000000016570       0x2c build/obj//home/bionia/SJSU-Dev/firmware/lib/L4_IO/wireless/src/nrf24L01Plus.o
                0x0000000000016570                nordic_set_air_data_rate
 .text.nordic_set_power_level
                0x000000000001659c       0x24 build/obj//home/bionia/SJSU-Dev/firmware/lib/L4_IO/wireless/src/nrf24L01Plus.o
                0x000000000001659c                nordic_set_power_level
 .text.nordic_set_auto_transmit_options
                0x00000000000165c0       0x2c build/obj//home/bionia/SJSU-Dev/firmware/lib/L4_IO/wireless/src/nrf24L01Plus.o
                0x00000000000165c0                nordic_set_auto_transmit_options
 .text.nordic_set_payload_for_pipe
                0x00000000000165ec       0x14 build/obj//home/bionia/SJSU-Dev/firmware/lib/L4_IO/wireless/src/nrf24L01Plus.o
                0x00000000000165ec                nordic_set_payload_for_pipe
 .text.nordic_set_addr_width
                0x0000000000016600       0x16 build/obj//home/bionia/SJSU-Dev/firmware/lib/L4_IO/wireless/src/nrf24L01Plus.o
                0x0000000000016600                nordic_set_addr_width
 .text.nordic_set_tx_address
                0x0000000000016616        0xc build/obj//home/bionia/SJSU-Dev/firmware/lib/L4_IO/wireless/src/nrf24L01Plus.o
                0x0000000000016616                nordic_set_tx_address
 .text.nordic_set_rx_pipe0_addr
                0x0000000000016622        0xc build/obj//home/bionia/SJSU-Dev/firmware/lib/L4_IO/wireless/src/nrf24L01Plus.o
                0x0000000000016622                nordic_set_rx_pipe0_addr
 *fill*         0x000000000001662e        0x2 ff
 .text.nordic_init
                0x0000000000016630       0xc8 build/obj//home/bionia/SJSU-Dev/firmware/lib/L4_IO/wireless/src/nrf24L01Plus.o
                0x0000000000016630                nordic_init
 .text.nrf_driver_init
                0x00000000000166f8       0x70 build/obj//home/bionia/SJSU-Dev/firmware/lib/L4_IO/wireless/src/wireless.o
 .text.nrf_driver_app_recv
                0x0000000000016768       0x50 build/obj//home/bionia/SJSU-Dev/firmware/lib/L4_IO/wireless/src/wireless.o
 .text.nrf_driver_send
                0x00000000000167b8       0x58 build/obj//home/bionia/SJSU-Dev/firmware/lib/L4_IO/wireless/src/wireless.o
 .text.nrf_irq_callback
                0x0000000000016810       0x34 build/obj//home/bionia/SJSU-Dev/firmware/lib/L4_IO/wireless/src/wireless.o
 .text.nrf_driver_receive
                0x0000000000016844       0x22 build/obj//home/bionia/SJSU-Dev/firmware/lib/L4_IO/wireless/src/wireless.o
 .text.nrf_driver_get_timer
                0x0000000000016866       0x28 build/obj//home/bionia/SJSU-Dev/firmware/lib/L4_IO/wireless/src/wireless.o
 *fill*         0x000000000001688e        0x2 ff
 .text.wireless_init
                0x0000000000016890       0x4c build/obj//home/bionia/SJSU-Dev/firmware/lib/L4_IO/wireless/src/wireless.o
                0x0000000000016890                wireless_init
 .text.wireless_service
                0x00000000000168dc       0x4c build/obj//home/bionia/SJSU-Dev/firmware/lib/L4_IO/wireless/src/wireless.o
                0x00000000000168dc                wireless_service
 .text._ZN17SingletonTemplateI4I2C2E11getInstanceEv
                0x0000000000016928       0x20 build/obj//home/bionia/SJSU-Dev/firmware/lib/L5_HighLevel/examples/examples.o
                0x0000000000016928                SingletonTemplate<I2C2>::getInstance()
 .text._ZN17SingletonTemplateI17TemperatureSensorE11getInstanceEv
                0x0000000000016948       0x28 build/obj//home/bionia/SJSU-Dev/firmware/lib/L5_HighLevel/examples/examples.o
                0x0000000000016948                SingletonTemplate<TemperatureSensor>::getInstance()
 .text._ZN17SingletonTemplateI11LED_DisplayE11getInstanceEv
                0x0000000000016970       0x24 build/obj//home/bionia/SJSU-Dev/firmware/lib/L5_HighLevel/examples/examples.o
                0x0000000000016970                SingletonTemplate<LED_Display>::getInstance()
 .text._ZN17SingletonTemplateI12Light_SensorE11getInstanceEv
                0x0000000000016994       0x18 build/obj//home/bionia/SJSU-Dev/firmware/lib/L5_HighLevel/examples/examples.o
                0x0000000000016994                SingletonTemplate<Light_Sensor>::getInstance()
 .text._ZN17SingletonTemplateI3LEDE11getInstanceEv
                0x00000000000169ac       0x1c build/obj//home/bionia/SJSU-Dev/firmware/lib/L5_HighLevel/examples/examples.o
                0x00000000000169ac                SingletonTemplate<LED>::getInstance()
 .text._ZN7Storage13getFlashDriveEv
                0x00000000000169c8       0x4c build/obj//home/bionia/SJSU-Dev/firmware/lib/L5_HighLevel/source/cmd_handlers/handlers.o
                0x00000000000169c8                Storage::getFlashDrive()
 .text._ZL13hl_print_linev
                0x0000000000016a14        0xc build/obj//home/bionia/SJSU-Dev/firmware/lib/L5_HighLevel/source/high_level_init.o
 .text.ssp_set_max_clock
                0x0000000000016a20       0x2c build/obj//home/bionia/SJSU-Dev/firmware/lib/L5_HighLevel/source/high_level_init.o
 .text._ZL16hl_mount_storageR16FileSystemObjectPKc
                0x0000000000016a4c       0x90 build/obj//home/bionia/SJSU-Dev/firmware/lib/L5_HighLevel/source/high_level_init.o
 .text._ZN17SingletonTemplateI8SwitchesE11getInstanceEv
                0x0000000000016adc       0x18 build/obj//home/bionia/SJSU-Dev/firmware/lib/L5_HighLevel/source/high_level_init.o
                0x0000000000016adc                SingletonTemplate<Switches>::getInstance()
 .text._Z15high_level_initv
                0x0000000000016af4      0x560 build/obj//home/bionia/SJSU-Dev/firmware/lib/L5_HighLevel/source/high_level_init.o
                0x0000000000016af4                high_level_init()
 .text.__malloc_lock
                0x0000000000017054        0x4 build/obj//home/bionia/SJSU-Dev/firmware/lib/newlib/malloc_lock.o
                0x0000000000017054                __malloc_lock
 .text.__malloc_unlock
                0x0000000000017058        0x4 build/obj//home/bionia/SJSU-Dev/firmware/lib/newlib/malloc_lock.o
                0x0000000000017058                __malloc_unlock
 .text._sbrk    0x000000000001705c       0x6c build/obj//home/bionia/SJSU-Dev/firmware/lib/newlib/memory.o
                0x000000000001705c                _sbrk
 .text._Znwj    0x00000000000170c8        0x4 build/obj//home/bionia/SJSU-Dev/firmware/lib/newlib/memory.o
                0x00000000000170c8                operator new(unsigned int)
 .text._ZdlPv   0x00000000000170cc        0x4 build/obj//home/bionia/SJSU-Dev/firmware/lib/newlib/memory.o
                0x00000000000170cc                operator delete(void*)
 .text.sys_get_mem_info
                0x00000000000170d0       0xb4 build/obj//home/bionia/SJSU-Dev/firmware/lib/newlib/memory.o
                0x00000000000170d0                sys_get_mem_info
 .text.remap_fatfs_errors
                0x0000000000017184       0x56 build/obj//home/bionia/SJSU-Dev/firmware/lib/newlib/newlib_syscalls.o
 *fill*         0x00000000000171da        0x2 ff
 .text.findslot
                0x00000000000171dc       0x4c build/obj//home/bionia/SJSU-Dev/firmware/lib/newlib/newlib_syscalls.o
 .text.remap_handle
                0x0000000000017228       0x28 build/obj//home/bionia/SJSU-Dev/firmware/lib/newlib/newlib_syscalls.o
 .text.sys_set_outchar_func
                0x0000000000017250        0xc build/obj//home/bionia/SJSU-Dev/firmware/lib/newlib/newlib_syscalls.o
                0x0000000000017250                sys_set_outchar_func
 .text.sys_set_inchar_func
                0x000000000001725c        0xc build/obj//home/bionia/SJSU-Dev/firmware/lib/newlib/newlib_syscalls.o
                0x000000000001725c                sys_set_inchar_func
 .text._kill    0x0000000000017268       0x10 build/obj//home/bionia/SJSU-Dev/firmware/lib/newlib/newlib_syscalls.o
                0x0000000000017268                _kill
 .text._exit    0x0000000000017278       0x10 build/obj//home/bionia/SJSU-Dev/firmware/lib/newlib/newlib_syscalls.o
                0x0000000000017278                _exit
 .text._getpid  0x0000000000017288        0x4 build/obj//home/bionia/SJSU-Dev/firmware/lib/newlib/newlib_syscalls.o
                0x0000000000017288                _getpid
 .text._init    0x000000000001728c        0x4 build/obj//home/bionia/SJSU-Dev/firmware/lib/newlib/newlib_syscalls.o
                0x000000000001728c                _init
 .text.syscalls_init
                0x0000000000017290       0x34 build/obj//home/bionia/SJSU-Dev/firmware/lib/newlib/newlib_syscalls.o
                0x0000000000017290                syscalls_init
 .text._read    0x00000000000172c4       0x9c build/obj//home/bionia/SJSU-Dev/firmware/lib/newlib/newlib_syscalls.o
                0x00000000000172c4                _read
 .text._lseek   0x0000000000017360       0x60 build/obj//home/bionia/SJSU-Dev/firmware/lib/newlib/newlib_syscalls.o
                0x0000000000017360                _lseek
 .text._write   0x00000000000173c0       0xa4 build/obj//home/bionia/SJSU-Dev/firmware/lib/newlib/newlib_syscalls.o
                0x00000000000173c0                _write
 .text._close   0x0000000000017464       0x54 build/obj//home/bionia/SJSU-Dev/firmware/lib/newlib/newlib_syscalls.o
                0x0000000000017464                _close
 .text._fstat   0x00000000000174b8       0x10 build/obj//home/bionia/SJSU-Dev/firmware/lib/newlib/newlib_syscalls.o
                0x00000000000174b8                _fstat
 .text._isatty  0x00000000000174c8       0x24 build/obj//home/bionia/SJSU-Dev/firmware/lib/newlib/newlib_syscalls.o
                0x00000000000174c8                _isatty
 .text._gettimeofday
                0x00000000000174ec       0x7a build/obj//home/bionia/SJSU-Dev/firmware/lib/newlib/newlib_time.o
                0x00000000000174ec                _gettimeofday
 .text._ZN9InterruptC2Ev
                0x0000000000017566        0x2 build/obj/L5_Application/Interrupt.o
                0x0000000000017566                Interrupt::Interrupt()
                0x0000000000017566                Interrupt::Interrupt()
 .text._ZN9Interrupt10InitializeEv
                0x0000000000017568       0x10 build/obj/L5_Application/Interrupt.o
                0x0000000000017568                Interrupt::Initialize()
 .text._ZN9Interrupt22AttachInterruptHandlerEhmPFvvE18InterruptCondition
                0x0000000000017578       0x90 build/obj/L5_Application/Interrupt.o
                0x0000000000017578                Interrupt::AttachInterruptHandler(unsigned char, unsigned long, void (*)(), InterruptCondition)
 .text._ZN9Interrupt15HandleInterruptEv
                0x0000000000017608       0x38 build/obj/L5_Application/Interrupt.o
                0x0000000000017608                Interrupt::HandleInterrupt()
 .text._Z11playOrPausev
                0x0000000000017640       0x4c build/obj/L5_Application/main.o
                0x0000000000017640                playOrPause()
 .text._Z4backv
                0x000000000001768c       0x4c build/obj/L5_Application/main.o
                0x000000000001768c                back()
 .text._Z4downv
                0x00000000000176d8       0x4c build/obj/L5_Application/main.o
                0x00000000000176d8                down()
 .text._Z12Eint3Handlerv
                0x0000000000017724        0xc build/obj/L5_Application/main.o
                0x0000000000017724                Eint3Handler()
 .text.startup.main
                0x0000000000017730       0xe0 build/obj/L5_Application/main.o
                0x0000000000017730                main
 .text.startup._GLOBAL__sub_I_viewController
                0x0000000000017810        0xc build/obj/L5_Application/main.o
 .text._ZNK10__cxxabiv117__class_type_info11__do_upcastEPKS0_PPv
                0x000000000001781c       0x34 /home/bionia/SJSU-Dev/tools/gcc-arm-none-eabi-6-2017-q2-update/bin/../lib/gcc/arm-none-eabi/6.3.1/../../../../arm-none-eabi/lib/thumb/v7-m/libstdc++_nano.a(class_type_info.o)
                0x000000000001781c                __cxxabiv1::__class_type_info::__do_upcast(__cxxabiv1::__class_type_info const*, void**) const
 .text._ZNK10__cxxabiv117__class_type_info20__do_find_public_srcEiPKvPKS0_S2_
                0x0000000000017850        0xc /home/bionia/SJSU-Dev/tools/gcc-arm-none-eabi-6-2017-q2-update/bin/../lib/gcc/arm-none-eabi/6.3.1/../../../../arm-none-eabi/lib/thumb/v7-m/libstdc++_nano.a(class_type_info.o)
                0x0000000000017850                __cxxabiv1::__class_type_info::__do_find_public_src(int, void const*, __cxxabiv1::__class_type_info const*, void const*) const
 .text._ZN10__cxxabiv117__class_type_infoD2Ev
                0x000000000001785c       0x14 /home/bionia/SJSU-Dev/tools/gcc-arm-none-eabi-6-2017-q2-update/bin/../lib/gcc/arm-none-eabi/6.3.1/../../../../arm-none-eabi/lib/thumb/v7-m/libstdc++_nano.a(class_type_info.o)
                0x000000000001785c                __cxxabiv1::__class_type_info::~__class_type_info()
                0x000000000001785c                __cxxabiv1::__class_type_info::~__class_type_info()
 .text._ZN10__cxxabiv117__class_type_infoD0Ev
                0x0000000000017870       0x14 /home/bionia/SJSU-Dev/tools/gcc-arm-none-eabi-6-2017-q2-update/bin/../lib/gcc/arm-none-eabi/6.3.1/../../../../arm-none-eabi/lib/thumb/v7-m/libstdc++_nano.a(class_type_info.o)
                0x0000000000017870                __cxxabiv1::__class_type_info::~__class_type_info()
 .text._ZNK10__cxxabiv117__class_type_info11__do_upcastEPKS0_PKvRNS0_15__upcast_resultE
                0x0000000000017884       0x18 /home/bionia/SJSU-Dev/tools/gcc-arm-none-eabi-6-2017-q2-update/bin/../lib/gcc/arm-none-eabi/6.3.1/../../../../arm-none-eabi/lib/thumb/v7-m/libstdc++_nano.a(class_type_info.o)
                0x0000000000017884                __cxxabiv1::__class_type_info::__do_upcast(__cxxabiv1::__class_type_info const*, void const*, __cxxabiv1::__class_type_info::__upcast_result&) const
 .text._ZNK10__cxxabiv117__class_type_info10__do_catchEPKSt9type_infoPPvj
                0x000000000001789c       0x2a /home/bionia/SJSU-Dev/tools/gcc-arm-none-eabi-6-2017-q2-update/bin/../lib/gcc/arm-none-eabi/6.3.1/../../../../arm-none-eabi/lib/thumb/v7-m/libstdc++_nano.a(class_type_info.o)
                0x000000000001789c                __cxxabiv1::__class_type_info::__do_catch(std::type_info const*, void**, unsigned int) const
 .text._ZNK10__cxxabiv117__class_type_info12__do_dyncastEiNS0_10__sub_kindEPKS0_PKvS3_S5_RNS0_16__dyncast_resultE
                0x00000000000178c6       0x38 /home/bionia/SJSU-Dev/tools/gcc-arm-none-eabi-6-2017-q2-update/bin/../lib/gcc/arm-none-eabi/6.3.1/../../../../arm-none-eabi/lib/thumb/v7-m/libstdc++_nano.a(class_type_info.o)
                0x00000000000178c6                __cxxabiv1::__class_type_info::__do_dyncast(int, __cxxabiv1::__class_type_info::__sub_kind, __cxxabiv1::__class_type_info const*, void const*, __cxxabiv1::__class_type_info const*, void const*, __cxxabiv1::__class_type_info::__dyncast_result&) const
 *fill*         0x00000000000178fe        0x2 ff
 .text._ZN10__cxxabiv120__si_class_type_infoD2Ev
                0x0000000000017900       0x14 /home/bionia/SJSU-Dev/tools/gcc-arm-none-eabi-6-2017-q2-update/bin/../lib/gcc/arm-none-eabi/6.3.1/../../../../arm-none-eabi/lib/thumb/v7-m/libstdc++_nano.a(si_class_type_info.o)
                0x0000000000017900                __cxxabiv1::__si_class_type_info::~__si_class_type_info()
                0x0000000000017900                __cxxabiv1::__si_class_type_info::~__si_class_type_info()
 .text._ZN10__cxxabiv120__si_class_type_infoD0Ev
                0x0000000000017914       0x14 /home/bionia/SJSU-Dev/tools/gcc-arm-none-eabi-6-2017-q2-update/bin/../lib/gcc/arm-none-eabi/6.3.1/../../../../arm-none-eabi/lib/thumb/v7-m/libstdc++_nano.a(si_class_type_info.o)
                0x0000000000017914                __cxxabiv1::__si_class_type_info::~__si_class_type_info()
 .text._ZNK10__cxxabiv120__si_class_type_info20__do_find_public_srcEiPKvPKNS_17__class_type_infoES2_
                0x0000000000017928       0x38 /home/bionia/SJSU-Dev/tools/gcc-arm-none-eabi-6-2017-q2-update/bin/../lib/gcc/arm-none-eabi/6.3.1/../../../../arm-none-eabi/lib/thumb/v7-m/libstdc++_nano.a(si_class_type_info.o)
                0x0000000000017928                __cxxabiv1::__si_class_type_info::__do_find_public_src(int, void const*, __cxxabiv1::__class_type_info const*, void const*) const
 .text._ZNK10__cxxabiv120__si_class_type_info12__do_dyncastEiNS_17__class_type_info10__sub_kindEPKS1_PKvS4_S6_RNS1_16__dyncast_resultE
                0x0000000000017960       0x7c /home/bionia/SJSU-Dev/tools/gcc-arm-none-eabi-6-2017-q2-update/bin/../lib/gcc/arm-none-eabi/6.3.1/../../../../arm-none-eabi/lib/thumb/v7-m/libstdc++_nano.a(si_class_type_info.o)
                0x0000000000017960                __cxxabiv1::__si_class_type_info::__do_dyncast(int, __cxxabiv1::__class_type_info::__sub_kind, __cxxabiv1::__class_type_info const*, void const*, __cxxabiv1::__class_type_info const*, void const*, __cxxabiv1::__class_type_info::__dyncast_result&) const
 .text._ZNK10__cxxabiv120__si_class_type_info11__do_upcastEPKNS_17__class_type_infoEPKvRNS1_15__upcast_resultE
                0x00000000000179dc       0x2a /home/bionia/SJSU-Dev/tools/gcc-arm-none-eabi-6-2017-q2-update/bin/../lib/gcc/arm-none-eabi/6.3.1/../../../../arm-none-eabi/lib/thumb/v7-m/libstdc++_nano.a(si_class_type_info.o)
                0x00000000000179dc                __cxxabiv1::__si_class_type_info::__do_upcast(__cxxabiv1::__class_type_info const*, void const*, __cxxabiv1::__class_type_info::__upcast_result&) const
 .text._ZdlPvj  0x0000000000017a06        0x4 /home/bionia/SJSU-Dev/tools/gcc-arm-none-eabi-6-2017-q2-update/bin/../lib/gcc/arm-none-eabi/6.3.1/../../../../arm-none-eabi/lib/thumb/v7-m/libstdc++_nano.a(del_ops.o)
                0x0000000000017a06                operator delete(void*, unsigned int)
 .text.__cxa_guard_acquire
                0x0000000000017a0a       0x18 /home/bionia/SJSU-Dev/tools/gcc-arm-none-eabi-6-2017-q2-update/bin/../lib/gcc/arm-none-eabi/6.3.1/../../../../arm-none-eabi/lib/thumb/v7-m/libstdc++_nano.a(guard.o)
                0x0000000000017a0a                __cxa_guard_acquire
 .text.__cxa_guard_release
                0x0000000000017a22        0x6 /home/bionia/SJSU-Dev/tools/gcc-arm-none-eabi-6-2017-q2-update/bin/../lib/gcc/arm-none-eabi/6.3.1/../../../../arm-none-eabi/lib/thumb/v7-m/libstdc++_nano.a(guard.o)
                0x0000000000017a22                __cxa_guard_release
 .text.__cxa_pure_virtual
                0x0000000000017a28        0x6 /home/bionia/SJSU-Dev/tools/gcc-arm-none-eabi-6-2017-q2-update/bin/../lib/gcc/arm-none-eabi/6.3.1/../../../../arm-none-eabi/lib/thumb/v7-m/libstdc++_nano.a(pure.o)
                0x0000000000017a28                __cxa_pure_virtual
 *fill*         0x0000000000017a2e        0x2 ff
 .text._ZN10__cxxabiv121__vmi_class_type_infoD2Ev
                0x0000000000017a30       0x14 /home/bionia/SJSU-Dev/tools/gcc-arm-none-eabi-6-2017-q2-update/bin/../lib/gcc/arm-none-eabi/6.3.1/../../../../arm-none-eabi/lib/thumb/v7-m/libstdc++_nano.a(vmi_class_type_info.o)
                0x0000000000017a30                __cxxabiv1::__vmi_class_type_info::~__vmi_class_type_info()
                0x0000000000017a30                __cxxabiv1::__vmi_class_type_info::~__vmi_class_type_info()
 .text._ZN10__cxxabiv121__vmi_class_type_infoD0Ev
                0x0000000000017a44       0x14 /home/bionia/SJSU-Dev/tools/gcc-arm-none-eabi-6-2017-q2-update/bin/../lib/gcc/arm-none-eabi/6.3.1/../../../../arm-none-eabi/lib/thumb/v7-m/libstdc++_nano.a(vmi_class_type_info.o)
                0x0000000000017a44                __cxxabiv1::__vmi_class_type_info::~__vmi_class_type_info()
 .text._ZNK10__cxxabiv121__vmi_class_type_info20__do_find_public_srcEiPKvPKNS_17__class_type_infoES2_
                0x0000000000017a58       0x74 /home/bionia/SJSU-Dev/tools/gcc-arm-none-eabi-6-2017-q2-update/bin/../lib/gcc/arm-none-eabi/6.3.1/../../../../arm-none-eabi/lib/thumb/v7-m/libstdc++_nano.a(vmi_class_type_info.o)
                0x0000000000017a58                __cxxabiv1::__vmi_class_type_info::__do_find_public_src(int, void const*, __cxxabiv1::__class_type_info const*, void const*) const
 .text._ZNK10__cxxabiv117__class_type_info17__find_public_srcEiPKvPKS0_S2_
                0x0000000000017acc       0x2a /home/bionia/SJSU-Dev/tools/gcc-arm-none-eabi-6-2017-q2-update/bin/../lib/gcc/arm-none-eabi/6.3.1/../../../../arm-none-eabi/lib/thumb/v7-m/libstdc++_nano.a(vmi_class_type_info.o)
                0x0000000000017acc                __cxxabiv1::__class_type_info::__find_public_src(int, void const*, __cxxabiv1::__class_type_info const*, void const*) const
 .text._ZNK10__cxxabiv121__vmi_class_type_info12__do_dyncastEiNS_17__class_type_info10__sub_kindEPKS1_PKvS4_S6_RNS1_16__dyncast_resultE
                0x0000000000017af6      0x292 /home/bionia/SJSU-Dev/tools/gcc-arm-none-eabi-6-2017-q2-update/bin/../lib/gcc/arm-none-eabi/6.3.1/../../../../arm-none-eabi/lib/thumb/v7-m/libstdc++_nano.a(vmi_class_type_info.o)
                0x0000000000017af6                __cxxabiv1::__vmi_class_type_info::__do_dyncast(int, __cxxabiv1::__class_type_info::__sub_kind, __cxxabiv1::__class_type_info const*, void const*, __cxxabiv1::__class_type_info const*, void const*, __cxxabiv1::__class_type_info::__dyncast_result&) const
 .text._ZNK10__cxxabiv121__vmi_class_type_info11__do_upcastEPKNS_17__class_type_infoEPKvRNS1_15__upcast_resultE
                0x0000000000017d88      0x12a /home/bionia/SJSU-Dev/tools/gcc-arm-none-eabi-6-2017-q2-update/bin/../lib/gcc/arm-none-eabi/6.3.1/../../../../arm-none-eabi/lib/thumb/v7-m/libstdc++_nano.a(vmi_class_type_info.o)
                0x0000000000017d88                __cxxabiv1::__vmi_class_type_info::__do_upcast(__cxxabiv1::__class_type_info const*, void const*, __cxxabiv1::__class_type_info::__upcast_result&) const
 .text._ZNSt9type_infoD2Ev
                0x0000000000017eb2        0x2 /home/bionia/SJSU-Dev/tools/gcc-arm-none-eabi-6-2017-q2-update/bin/../lib/gcc/arm-none-eabi/6.3.1/../../../../arm-none-eabi/lib/thumb/v7-m/libstdc++_nano.a(tinfo.o)
                0x0000000000017eb2                std::type_info::~type_info()
                0x0000000000017eb2                std::type_info::~type_info()
 .text._ZNKSt9type_info15__is_function_pEv
                0x0000000000017eb4        0x4 /home/bionia/SJSU-Dev/tools/gcc-arm-none-eabi-6-2017-q2-update/bin/../lib/gcc/arm-none-eabi/6.3.1/../../../../arm-none-eabi/lib/thumb/v7-m/libstdc++_nano.a(tinfo.o)
                0x0000000000017eb4                std::type_info::__is_function_p() const
                0x0000000000017eb4                std::type_info::__is_pointer_p() const
 .text._ZNKSt9type_infoeqERKS_
                0x0000000000017eb8       0x2c /home/bionia/SJSU-Dev/tools/gcc-arm-none-eabi-6-2017-q2-update/bin/../lib/gcc/arm-none-eabi/6.3.1/../../../../arm-none-eabi/lib/thumb/v7-m/libstdc++_nano.a(tinfo.o)
                0x0000000000017eb8                std::type_info::operator==(std::type_info const&) const
 .text._ZN10__cxxabiv111__terminateEPFvvE
                0x0000000000017ee4        0x8 /home/bionia/SJSU-Dev/tools/gcc-arm-none-eabi-6-2017-q2-update/bin/../lib/gcc/arm-none-eabi/6.3.1/../../../../arm-none-eabi/lib/thumb/v7-m/libstdc++_nano.a(eh_terminate.o)
                0x0000000000017ee4                __cxxabiv1::__terminate(void (*)())
 .text._ZSt13get_terminatev
                0x0000000000017eec       0x10 /home/bionia/SJSU-Dev/tools/gcc-arm-none-eabi-6-2017-q2-update/bin/../lib/gcc/arm-none-eabi/6.3.1/../../../../arm-none-eabi/lib/thumb/v7-m/libstdc++_nano.a(eh_terminate.o)
                0x0000000000017eec                std::get_terminate()
 .text._ZSt9terminatev
                0x0000000000017efc        0xa /home/bionia/SJSU-Dev/tools/gcc-arm-none-eabi-6-2017-q2-update/bin/../lib/gcc/arm-none-eabi/6.3.1/../../../../arm-none-eabi/lib/thumb/v7-m/libstdc++_nano.a(eh_terminate.o)
                0x0000000000017efc                std::terminate()
 *fill*         0x0000000000017f06        0x2 ff
 .text          0x0000000000017f08       0x18 /home/bionia/SJSU-Dev/tools/gcc-arm-none-eabi-6-2017-q2-update/bin/../lib/gcc/arm-none-eabi/6.3.1/thumb/v7-m/libgcc.a(_ashldi3.o)
                0x0000000000017f08                __ashldi3
                0x0000000000017f08                __aeabi_llsl
 .text          0x0000000000017f20      0x370 /home/bionia/SJSU-Dev/tools/gcc-arm-none-eabi-6-2017-q2-update/bin/../lib/gcc/arm-none-eabi/6.3.1/thumb/v7-m/libgcc.a(_arm_addsubdf3.o)
                0x0000000000017f20                __aeabi_drsub
                0x0000000000017f28                __aeabi_dsub
                0x0000000000017f28                __subdf3
                0x0000000000017f2c                __adddf3
                0x0000000000017f2c                __aeabi_dadd
                0x00000000000181a4                __aeabi_ui2d
                0x00000000000181a4                __floatunsidf
                0x00000000000181c4                __floatsidf
                0x00000000000181c4                __aeabi_i2d
                0x00000000000181e8                __extendsfdf2
                0x00000000000181e8                __aeabi_f2d
                0x0000000000018224                __aeabi_ul2d